stm32g0xx_hal_spi.c:3791:26:SPI_WaitFlagStateUntilTimeout.constprop	40	static
stm32g0xx_hal_spi.c:3860:26:SPI_WaitFifoStateUntilTimeout.constprop	40	static
stm32g0xx_hal_spi.c:4184:13:SPI_AbortRx_ISR	24	static
stm32g0xx_hal_spi.c:3933:26:SPI_EndRxTransaction	24	static
stm32g0xx_hal_spi.c:3969:26:SPI_EndRxTxTransaction	16	static
stm32g0xx_hal_spi.c:4228:13:SPI_AbortTx_ISR	24	static
stm32g0xx_hal_spi.c:535:13:HAL_SPI_MspInit	0	static
stm32g0xx_hal_spi.c:316:19:HAL_SPI_Init	24	static
stm32g0xx_hal_spi.c:551:13:HAL_SPI_MspDeInit	0	static
stm32g0xx_hal_spi.c:491:19:HAL_SPI_DeInit	16	static
stm32g0xx_hal_spi.c:823:19:HAL_SPI_Transmit	40	static
stm32g0xx_hal_spi.c:1215:19:HAL_SPI_TransmitReceive	32	static
stm32g0xx_hal_spi.c:988:19:HAL_SPI_Receive	48	static
stm32g0xx_hal_spi.c:1479:19:HAL_SPI_Transmit_IT	16	static
stm32g0xx_hal_spi.c:1671:19:HAL_SPI_TransmitReceive_IT	32	static
stm32g0xx_hal_spi.c:1564:19:HAL_SPI_Receive_IT	24	static
stm32g0xx_hal_spi.c:1780:19:HAL_SPI_Transmit_DMA	24	static
stm32g0xx_hal_spi.c:2050:19:HAL_SPI_TransmitReceive_DMA	32	static
stm32g0xx_hal_spi.c:1905:19:HAL_SPI_Receive_DMA	32	static
stm32g0xx_hal_spi.c:2242:19:HAL_SPI_Abort	32	static
stm32g0xx_hal_spi.c:2563:19:HAL_SPI_DMAPause	0	static
stm32g0xx_hal_spi.c:2583:19:HAL_SPI_DMAResume	0	static
stm32g0xx_hal_spi.c:2603:19:HAL_SPI_DMAStop	16	static
stm32g0xx_hal_spi.c:2750:13:HAL_SPI_TxCpltCallback	0	static
stm32g0xx_hal_spi.c:2766:13:HAL_SPI_RxCpltCallback	0	static
stm32g0xx_hal_spi.c:2782:13:HAL_SPI_TxRxCpltCallback	0	static
stm32g0xx_hal_spi.c:2798:13:HAL_SPI_TxHalfCpltCallback	0	static
stm32g0xx_hal_spi.c:3186:13:SPI_DMAHalfTransmitCplt	8	static
stm32g0xx_hal_spi.c:2814:13:HAL_SPI_RxHalfCpltCallback	0	static
stm32g0xx_hal_spi.c:3204:13:SPI_DMAHalfReceiveCplt	8	static
stm32g0xx_hal_spi.c:2830:13:HAL_SPI_TxRxHalfCpltCallback	0	static
stm32g0xx_hal_spi.c:3222:13:SPI_DMAHalfTransmitReceiveCplt	8	static
stm32g0xx_hal_spi.c:2846:13:HAL_SPI_ErrorCallback	0	static
stm32g0xx_hal_spi.c:4135:13:SPI_CloseTx_ISR	16	static
stm32g0xx_hal_spi.c:3736:13:SPI_TxISR_8BIT	8	static
stm32g0xx_hal_spi.c:3761:13:SPI_TxISR_16BIT	8	static
stm32g0xx_hal_spi.c:4078:13:SPI_CloseRx_ISR	8	static
stm32g0xx_hal_spi.c:3651:13:SPI_RxISR_8BIT	8	static
stm32g0xx_hal_spi.c:3703:13:SPI_RxISR_16BIT	8	static
stm32g0xx_hal_spi.c:4001:13:SPI_CloseRxTx_ISR	16	static
stm32g0xx_hal_spi.c:3494:13:SPI_2linesTxISR_8BIT	8	static
stm32g0xx_hal_spi.c:3416:13:SPI_2linesRxISR_8BIT	8	static
stm32g0xx_hal_spi.c:3593:13:SPI_2linesTxISR_16BIT	8	static
stm32g0xx_hal_spi.c:3541:13:SPI_2linesRxISR_16BIT	8	static
stm32g0xx_hal_spi.c:3240:13:SPI_DMAError	8	static
stm32g0xx_hal_spi.c:2936:13:SPI_DMATransmitCplt	24	static
stm32g0xx_hal_spi.c:2993:13:SPI_DMAReceiveCplt	16	static
stm32g0xx_hal_spi.c:3097:13:SPI_DMATransmitReceiveCplt	16	static
stm32g0xx_hal_spi.c:2643:6:HAL_SPI_IRQHandler	40	static
stm32g0xx_hal_spi.c:3263:13:SPI_DMAAbortOnError	8	static
stm32g0xx_hal_spi.c:2864:13:HAL_SPI_AbortCpltCallback	0	static
stm32g0xx_hal_spi.c:2402:19:HAL_SPI_Abort_IT	32	static
stm32g0xx_hal_spi.c:3351:13:SPI_DMARxAbortCallback	24	static
stm32g0xx_hal_spi.c:3285:13:SPI_DMATxAbortCallback	24	static
stm32g0xx_hal_spi.c:2899:22:HAL_SPI_GetState	0	static
stm32g0xx_hal_spi.c:2911:10:HAL_SPI_GetError	0	static
