GUI_Paint.c:92:6:Paint_NewImage	12	static
GUI_Paint.c:124:6:Paint_SelectImage	0	static
GUI_Paint.c:134:6:Paint_SetRotate	8	static
GUI_Paint.c:144:6:Paint_SetScale	8	static
GUI_Paint.c:165:6:Paint_SetMirroring	8	static
GUI_Paint.c:184:6:Paint_SetPixel	16	static
GUI_Paint.c:263:6:Paint_Clear	12	static
GUI_Paint.c:291:6:Paint_ClearWindows	32	static
GUI_Paint.c:310:6:Paint_DrawPoint	48	static
GUI_Paint.c:350:6:Paint_DrawLine	80	static
GUI_Paint.c:408:6:Paint_DrawRectangle	56	static
GUI_Paint.c:441:6:Paint_DrawCircle	80	static
GUI_Paint.c:510:6:Paint_DrawChar	48	static
GUI_Paint.c:559:6:Paint_DrawString_EN	48	static
GUI_Paint.c:604:6:Paint_DrawString_CN	56	static
GUI_Paint.c:700:6:Paint_DrawNum	560	static
GUI_Paint.c:741:6:Paint_DrawTime	80	static
GUI_Paint.c:767:6:Paint_DrawBitMap	16	static
GUI_Paint.c:856:6:Paint_DrawBitMap_Block	20	static
