Archive member included to satisfy reference by file (symbol)

/opt/st/stm32cubeide_1.8.0/plugins/com.st.stm32cube.ide.mcu.externaltools.gnu-tools-for-stm32.9-2020-q2-update.linux64_2.0.0.202105311346/tools/bin/../lib/gcc/arm-none-eabi/9.3.1/../../../../arm-none-eabi/lib/thumb/v6-m/nofp/libc_nano.a(lib_a-errno.o)
                              ./Src/syscalls.o (__errno)
/opt/st/stm32cubeide_1.8.0/plugins/com.st.stm32cube.ide.mcu.externaltools.gnu-tools-for-stm32.9-2020-q2-update.linux64_2.0.0.202105311346/tools/bin/../lib/gcc/arm-none-eabi/9.3.1/../../../../arm-none-eabi/lib/thumb/v6-m/nofp/libc_nano.a(lib_a-exit.o)
                              /opt/st/stm32cubeide_1.8.0/plugins/com.st.stm32cube.ide.mcu.externaltools.gnu-tools-for-stm32.9-2020-q2-update.linux64_2.0.0.202105311346/tools/bin/../lib/gcc/arm-none-eabi/9.3.1/../../../../arm-none-eabi/lib/thumb/v6-m/nofp/crt0.o (exit)
/opt/st/stm32cubeide_1.8.0/plugins/com.st.stm32cube.ide.mcu.externaltools.gnu-tools-for-stm32.9-2020-q2-update.linux64_2.0.0.202105311346/tools/bin/../lib/gcc/arm-none-eabi/9.3.1/../../../../arm-none-eabi/lib/thumb/v6-m/nofp/libc_nano.a(lib_a-impure.o)
                              /opt/st/stm32cubeide_1.8.0/plugins/com.st.stm32cube.ide.mcu.externaltools.gnu-tools-for-stm32.9-2020-q2-update.linux64_2.0.0.202105311346/tools/bin/../lib/gcc/arm-none-eabi/9.3.1/../../../../arm-none-eabi/lib/thumb/v6-m/nofp/libc_nano.a(lib_a-exit.o) (_global_impure_ptr)
/opt/st/stm32cubeide_1.8.0/plugins/com.st.stm32cube.ide.mcu.externaltools.gnu-tools-for-stm32.9-2020-q2-update.linux64_2.0.0.202105311346/tools/bin/../lib/gcc/arm-none-eabi/9.3.1/../../../../arm-none-eabi/lib/thumb/v6-m/nofp/libc_nano.a(lib_a-init.o)
                              /opt/st/stm32cubeide_1.8.0/plugins/com.st.stm32cube.ide.mcu.externaltools.gnu-tools-for-stm32.9-2020-q2-update.linux64_2.0.0.202105311346/tools/bin/../lib/gcc/arm-none-eabi/9.3.1/../../../../arm-none-eabi/lib/thumb/v6-m/nofp/crt0.o (__libc_init_array)
/opt/st/stm32cubeide_1.8.0/plugins/com.st.stm32cube.ide.mcu.externaltools.gnu-tools-for-stm32.9-2020-q2-update.linux64_2.0.0.202105311346/tools/bin/../lib/gcc/arm-none-eabi/9.3.1/../../../../arm-none-eabi/lib/thumb/v6-m/nofp/libc_nano.a(lib_a-malloc.o)
                              ./Src/interface.o (malloc)
/opt/st/stm32cubeide_1.8.0/plugins/com.st.stm32cube.ide.mcu.externaltools.gnu-tools-for-stm32.9-2020-q2-update.linux64_2.0.0.202105311346/tools/bin/../lib/gcc/arm-none-eabi/9.3.1/../../../../arm-none-eabi/lib/thumb/v6-m/nofp/libc_nano.a(lib_a-memcpy-stub.o)
                              ./Src/Display_GUI/GUI_Paint.o (memcpy)
/opt/st/stm32cubeide_1.8.0/plugins/com.st.stm32cube.ide.mcu.externaltools.gnu-tools-for-stm32.9-2020-q2-update.linux64_2.0.0.202105311346/tools/bin/../lib/gcc/arm-none-eabi/9.3.1/../../../../arm-none-eabi/lib/thumb/v6-m/nofp/libc_nano.a(lib_a-memset.o)
                              /opt/st/stm32cubeide_1.8.0/plugins/com.st.stm32cube.ide.mcu.externaltools.gnu-tools-for-stm32.9-2020-q2-update.linux64_2.0.0.202105311346/tools/bin/../lib/gcc/arm-none-eabi/9.3.1/../../../../arm-none-eabi/lib/thumb/v6-m/nofp/crt0.o (memset)
/opt/st/stm32cubeide_1.8.0/plugins/com.st.stm32cube.ide.mcu.externaltools.gnu-tools-for-stm32.9-2020-q2-update.linux64_2.0.0.202105311346/tools/bin/../lib/gcc/arm-none-eabi/9.3.1/../../../../arm-none-eabi/lib/thumb/v6-m/nofp/libc_nano.a(lib_a-nano-freer.o)
                              /opt/st/stm32cubeide_1.8.0/plugins/com.st.stm32cube.ide.mcu.externaltools.gnu-tools-for-stm32.9-2020-q2-update.linux64_2.0.0.202105311346/tools/bin/../lib/gcc/arm-none-eabi/9.3.1/../../../../arm-none-eabi/lib/thumb/v6-m/nofp/libc_nano.a(lib_a-malloc.o) (_free_r)
/opt/st/stm32cubeide_1.8.0/plugins/com.st.stm32cube.ide.mcu.externaltools.gnu-tools-for-stm32.9-2020-q2-update.linux64_2.0.0.202105311346/tools/bin/../lib/gcc/arm-none-eabi/9.3.1/../../../../arm-none-eabi/lib/thumb/v6-m/nofp/libc_nano.a(lib_a-nano-mallocr.o)
                              /opt/st/stm32cubeide_1.8.0/plugins/com.st.stm32cube.ide.mcu.externaltools.gnu-tools-for-stm32.9-2020-q2-update.linux64_2.0.0.202105311346/tools/bin/../lib/gcc/arm-none-eabi/9.3.1/../../../../arm-none-eabi/lib/thumb/v6-m/nofp/libc_nano.a(lib_a-malloc.o) (_malloc_r)
/opt/st/stm32cubeide_1.8.0/plugins/com.st.stm32cube.ide.mcu.externaltools.gnu-tools-for-stm32.9-2020-q2-update.linux64_2.0.0.202105311346/tools/bin/../lib/gcc/arm-none-eabi/9.3.1/../../../../arm-none-eabi/lib/thumb/v6-m/nofp/libc_nano.a(lib_a-printf.o)
                              ./Src/Display_GUI/GUI_Paint.o (printf)
/opt/st/stm32cubeide_1.8.0/plugins/com.st.stm32cube.ide.mcu.externaltools.gnu-tools-for-stm32.9-2020-q2-update.linux64_2.0.0.202105311346/tools/bin/../lib/gcc/arm-none-eabi/9.3.1/../../../../arm-none-eabi/lib/thumb/v6-m/nofp/libc_nano.a(lib_a-puts.o)
                              ./Src/Display_EPD/EPD_1in54_V2.o (puts)
[...]
Memory Configuration

Name             Origin             Length             Attributes
RAM              0x0000000020000000 0x0000000000009000 xrw
FLASH            0x0000000008000000 0x0000000000020000 xr
*default*        0x0000000000000000 0xffffffffffffffff

Linker script and memory map

LOAD /opt/st/stm32cubeide_1.8.0/plugins/com.st.stm32cube.ide.mcu.externaltools.gnu-tools-for-stm32.9-2020-q2-update.linux64_2.0.0.202105311346/tools/bin/../lib/gcc/arm-none-eabi/9.3.1/thumb/v6-m/nofp/crti.o
LOAD /opt/st/stm32cubeide_1.8.0/plugins/com.st.stm32cube.ide.mcu.externaltools.gnu-tools-for-stm32.9-2020-q2-update.linux64_2.0.0.202105311346/tools/bin/../lib/gcc/arm-none-eabi/9.3.1/thumb/v6-m/nofp/crtbegin.o
LOAD /opt/st/stm32cubeide_1.8.0/plugins/com.st.stm32cube.ide.mcu.externaltools.gnu-tools-for-stm32.9-2020-q2-update.linux64_2.0.0.202105311346/tools/bin/../lib/gcc/arm-none-eabi/9.3.1/../../../../arm-none-eabi/lib/thumb/v6-m/nofp/crt0.o
LOAD ./Drivers/STM32G0xx_HAL_Driver/Src/stm32g0xx_hal.o
LOAD ./Drivers/STM32G0xx_HAL_Driver/Src/stm32g0xx_hal_adc.o
LOAD ./Drivers/STM32G0xx_HAL_Driver/Src/stm32g0xx_hal_adc_ex.o
LOAD ./Drivers/STM32G0xx_HAL_Driver/Src/stm32g0xx_hal_cortex.o
LOAD ./Drivers/STM32G0xx_HAL_Driver/Src/stm32g0xx_hal_dma.o
LOAD ./Drivers/STM32G0xx_HAL_Driver/Src/stm32g0xx_hal_dma_ex.o
LOAD ./Drivers/STM32G0xx_HAL_Driver/Src/stm32g0xx_hal_exti.o
LOAD ./Drivers/STM32G0xx_HAL_Driver/Src/stm32g0xx_hal_flash.o
LOAD ./Drivers/STM32G0xx_HAL_Driver/Src/stm32g0xx_hal_flash_ex.o
LOAD ./Drivers/STM32G0xx_HAL_Driver/Src/stm32g0xx_hal_gpio.o
LOAD ./Drivers/STM32G0xx_HAL_Driver/Src/stm32g0xx_hal_i2c.o
LOAD ./Drivers/STM32G0xx_HAL_Driver/Src/stm32g0xx_hal_i2c_ex.o
LOAD ./Drivers/STM32G0xx_HAL_Driver/Src/stm32g0xx_hal_pwr.o
LOAD ./Drivers/STM32G0xx_HAL_Driver/Src/stm32g0xx_hal_pwr_ex.o
LOAD ./Drivers/STM32G0xx_HAL_Driver/Src/stm32g0xx_hal_rcc.o
LOAD ./Drivers/STM32G0xx_HAL_Driver/Src/stm32g0xx_hal_rcc_ex.o
LOAD ./Drivers/STM32G0xx_HAL_Driver/Src/stm32g0xx_hal_rtc.o
LOAD ./Drivers/STM32G0xx_HAL_Driver/Src/stm32g0xx_hal_rtc_ex.o
LOAD ./Drivers/STM32G0xx_HAL_Driver/Src/stm32g0xx_hal_spi.o
LOAD ./Drivers/STM32G0xx_HAL_Driver/Src/stm32g0xx_hal_spi_ex.o
LOAD ./Drivers/STM32G0xx_HAL_Driver/Src/stm32g0xx_hal_tim.o
LOAD ./Drivers/STM32G0xx_HAL_Driver/Src/stm32g0xx_hal_tim_ex.o
LOAD ./Drivers/STM32G0xx_HAL_Driver/Src/stm32g0xx_ll_adc.o
LOAD ./Drivers/STM32G0xx_HAL_Driver/Src/stm32g0xx_ll_crc.o
LOAD ./Drivers/STM32G0xx_HAL_Driver/Src/stm32g0xx_ll_dma.o
LOAD ./Drivers/STM32G0xx_HAL_Driver/Src/stm32g0xx_ll_exti.o
LOAD ./Drivers/STM32G0xx_HAL_Driver/Src/stm32g0xx_ll_gpio.o
LOAD ./Drivers/STM32G0xx_HAL_Driver/Src/stm32g0xx_ll_rcc.o
LOAD ./Drivers/STM32G0xx_HAL_Driver/Src/stm32g0xx_ll_utils.o
LOAD ./Src/Display_Config/DEV_Config.o
LOAD ./Src/Display_EPD/EPD_1in54_V2.o
LOAD ./Src/Display_GUI/GUI_Paint.o
LOAD ./Src/EEPROM_Emul/eeprom_emul.o
LOAD ./Src/Flash_Interface/flash_interface.o
LOAD ./Src/Fonts/font12.o
LOAD ./Src/Fonts/font12CN.o
LOAD ./Src/Fonts/font16.o
LOAD ./Src/Fonts/font20.o
LOAD ./Src/Fonts/font24.o
LOAD ./Src/Fonts/font24CN.o
LOAD ./Src/Fonts/font8.o
LOAD ./Src/buttons.o
LOAD ./Src/interface.o
LOAD ./Src/main.o
LOAD ./Src/rtc.o
LOAD ./Src/sensing.o
LOAD ./Src/settings.o
LOAD ./Src/stm32g0xx_hal_msp.o
LOAD ./Src/stm32g0xx_it.o
LOAD ./Src/syscalls.o
LOAD ./Src/sysmem.o
LOAD ./Src/system_stm32g0xx.o
LOAD ./Src/timers.o
LOAD ./Startup/startup_stm32g070kbtx.o
START GROUP
LOAD /opt/st/stm32cubeide_1.8.0/plugins/com.st.stm32cube.ide.mcu.externaltools.gnu-tools-for-stm32.9-2020-q2-update.linux64_2.0.0.202105311346/tools/bin/../lib/gcc/arm-none-eabi/9.3.1/../../../../arm-none-eabi/lib/thumb/v6-m/nofp/libc_nano.a
LOAD /opt/st/stm32cubeide_1.8.0/plugins/com.st.stm32cube.ide.mcu.externaltools.gnu-tools-for-stm32.9-2020-q2-update.linux64_2.0.0.202105311346/tools/bin/../lib/gcc/arm-none-eabi/9.3.1/../../../../arm-none-eabi/lib/thumb/v6-m/nofp/libm.a
END GROUP
START GROUP
LOAD /opt/st/stm32cubeide_1.8.0/plugins/com.st.stm32cube.ide.mcu.externaltools.gnu-tools-for-stm32.9-2020-q2-update.linux64_2.0.0.202105311346/tools/bin/../lib/gcc/arm-none-eabi/9.3.1/thumb/v6-m/nofp/libgcc.a
LOAD /opt/st/stm32cubeide_1.8.0/plugins/com.st.stm32cube.ide.mcu.externaltools.gnu-tools-for-stm32.9-2020-q2-update.linux64_2.0.0.202105311346/tools/bin/../lib/gcc/arm-none-eabi/9.3.1/../../../../arm-none-eabi/lib/thumb/v6-m/nofp/libc_nano.a
END GROUP
START GROUP
LOAD /opt/st/stm32cubeide_1.8.0/plugins/com.st.stm32cube.ide.mcu.externaltools.gnu-tools-for-stm32.9-2020-q2-update.linux64_2.0.0.202105311346/tools/bin/../lib/gcc/arm-none-eabi/9.3.1/thumb/v6-m/nofp/libgcc.a
LOAD /opt/st/stm32cubeide_1.8.0/plugins/com.st.stm32cube.ide.mcu.externaltools.gnu-tools-for-stm32.9-2020-q2-update.linux64_2.0.0.202105311346/tools/bin/../lib/gcc/arm-none-eabi/9.3.1/../../../../arm-none-eabi/lib/thumb/v6-m/nofp/libc_nano.a
LOAD /opt/st/stm32cubeide_1.8.0/plugins/com.st.stm32cube.ide.mcu.externaltools.gnu-tools-for-stm32.9-2020-q2-update.linux64_2.0.0.202105311346/tools/bin/../lib/gcc/arm-none-eabi/9.3.1/../../../../arm-none-eabi/lib/thumb/v6-m/nofp/libnosys.a
END GROUP
START GROUP
LOAD /opt/st/stm32cubeide_1.8.0/plugins/com.st.stm32cube.ide.mcu.externaltools.gnu-tools-for-stm32.9-2020-q2-update.linux64_2.0.0.202105311346/tools/bin/../lib/gcc/arm-none-eabi/9.3.1/thumb/v6-m/nofp/libgcc.a
LOAD /opt/st/stm32cubeide_1.8.0/plugins/com.st.stm32cube.ide.mcu.externaltools.gnu-tools-for-stm32.9-2020-q2-update.linux64_2.0.0.202105311346/tools/bin/../lib/gcc/arm-none-eabi/9.3.1/../../../../arm-none-eabi/lib/thumb/v6-m/nofp/libc_nano.a
LOAD /opt/st/stm32cubeide_1.8.0/plugins/com.st.stm32cube.ide.mcu.externaltools.gnu-tools-for-stm32.9-2020-q2-update.linux64_2.0.0.202105311346/tools/bin/../lib/gcc/arm-none-eabi/9.3.1/../../../../arm-none-eabi/lib/thumb/v6-m/nofp/libnosys.a
END GROUP
LOAD /opt/st/stm32cubeide_1.8.0/plugins/com.st.stm32cube.ide.mcu.externaltools.gnu-tools-for-stm32.9-2020-q2-update.linux64_2.0.0.202105311346/tools/bin/../lib/gcc/arm-none-eabi/9.3.1/thumb/v6-m/nofp/crtend.o
LOAD /opt/st/stm32cubeide_1.8.0/plugins/com.st.stm32cube.ide.mcu.externaltools.gnu-tools-for-stm32.9-2020-q2-update.linux64_2.0.0.202105311346/tools/bin/../lib/gcc/arm-none-eabi/9.3.1/thumb/v6-m/nofp/crtn.o
                0x0000000020009000                _estack = (ORIGIN (RAM) + LENGTH (RAM))
                0x0000000000000200                _Min_Heap_Size = 0x200
                0x0000000000000400                _Min_Stack_Size = 0x400

.isr_vector     0x0000000008000000       0xb8
                0x0000000008000000                . = ALIGN (0x4)
 *(.isr_vector)
 .isr_vector    0x0000000008000000       0xb8 ./Startup/startup_stm32g070kbtx.o
                0x0000000008000000                g_pfnVectors
                0x00000000080000b8                . = ALIGN (0x4)

.text           0x00000000080000b8     0xec48
                0x00000000080000b8                . = ALIGN (0x4)
 *(.text)
 .text          0x00000000080000b8       0x48 /opt/st/stm32cubeide_1.8.0/plugins/com.st.stm32cube.ide.mcu.externaltools.gnu-tools-for-stm32.9-2020-q2-update.linux64_2.0.0.202105311346/tools/bin/../lib/gcc/arm-none-eabi/9.3.1/thumb/v6-m/nofp/crtbegin.o
 .text          0x0000000008000100       0x14 /opt/st/stm32cubeide_1.8.0/plugins/com.st.stm32cube.ide.mcu.externaltools.gnu-tools-for-stm32.9-2020-q2-update.linux64_2.0.0.202105311346/tools/bin/../lib/gcc/arm-none-eabi/9.3.1/thumb/v6-m/nofp/libgcc.a(_thumb1_case_uqi.o)
                0x0000000008000100                __gnu_thumb1_case_uqi
 .text          0x0000000008000114       0x14 /opt/st/stm32cubeide_1.8.0/plugins/com.st.stm32cube.ide.mcu.externaltools.gnu-tools-for-stm32.9-2020-q2-update.linux64_2.0.0.202105311346/tools/bin/../lib/gcc/arm-none-eabi/9.3.1/thumb/v6-m/nofp/libgcc.a(_thumb1_case_shi.o)
                0x0000000008000114                __gnu_thumb1_case_shi
 .text          0x0000000008000128       0x14 /opt/st/stm32cubeide_1.8.0/plugins/com.st.stm32cube.ide.mcu.externaltools.gnu-tools-for-stm32.9-2020-q2-update.linux64_2.0.0.202105311346/tools/bin/../lib/gcc/arm-none-eabi/9.3.1/thumb/v6-m/nofp/libgcc.a(_thumb1_case_uhi.o)
                0x0000000008000128                __gnu_thumb1_case_uhi
 .text          0x000000000800013c      0x114 /opt/st/stm32cubeide_1.8.0/plugins/com.st.stm32cube.ide.mcu.externaltools.gnu-tools-for-stm32.9-2020-q2-update.linux64_2.0.0.202105311346/tools/bin/../lib/gcc/arm-none-eabi/9.3.1/thumb/v6-m/nofp/libgcc.a(_udivsi3.o)
                0x000000000800013c                __udivsi3
                0x000000000800013c                __aeabi_uidiv
                0x0000000008000248                __aeabi_uidivmod
 .text          0x0000000008000250      0x1d4 /opt/st/stm32cubeide_1.8.0/plugins/com.st.stm32cube.ide.mcu.externaltools.gnu-tools-for-stm32.9-2020-q2-update.linux64_2.0.0.202105311346/tools/bin/../lib/gcc/arm-none-eabi/9.3.1/thumb/v6-m/nofp/libgcc.a(_divsi3.o)
                0x0000000008000250                __aeabi_idiv
                0x0000000008000250                __divsi3
                0x000000000800041c                __aeabi_idivmod
 .text          0x0000000008000424        0x4 /opt/st/stm32cubeide_1.8.0/plugins/com.st.stm32cube.ide.mcu.externaltools.gnu-tools-for-stm32.9-2020-q2-update.linux64_2.0.0.202105311346/tools/bin/../lib/gcc/arm-none-eabi/9.3.1/thumb/v6-m/nofp/libgcc.a(_dvmd_tls.o)
                0x0000000008000424                __aeabi_ldiv0
                0x0000000008000424                __aeabi_idiv0
 .text          0x0000000008000428       0x7c /opt/st/stm32cubeide_1.8.0/plugins/com.st.stm32cube.ide.mcu.externaltools.gnu-tools-for-stm32.9-2020-q2-update.linux64_2.0.0.202105311346/tools/bin/../lib/gcc/arm-none-eabi/9.3.1/thumb/v6-m/nofp/libgcc.a(_arm_cmpdf2.o)
                0x0000000008000428                __aeabi_cdrcmple
                0x0000000008000438                __aeabi_cdcmple
                0x0000000008000438                __aeabi_cdcmpeq
                0x0000000008000448                __aeabi_dcmpeq
                0x0000000008000454                __aeabi_dcmplt
                0x0000000008000468                __aeabi_dcmple
                0x000000000800047c                __aeabi_dcmpgt
                0x0000000008000490                __aeabi_dcmpge
 .text          0x00000000080004a4       0x74 /opt/st/stm32cubeide_1.8.0/plugins/com.st.stm32cube.ide.mcu.externaltools.gnu-tools-for-stm32.9-2020-q2-update.linux64_2.0.0.202105311346/tools/bin/../lib/gcc/arm-none-eabi/9.3.1/thumb/v6-m/nofp/libgcc.a(_arm_cmpsf2.o)
                0x00000000080004a4                __aeabi_cfrcmple
                0x00000000080004ac                __aeabi_cfcmple
                0x00000000080004ac                __aeabi_cfcmpeq
                0x00000000080004bc                __aeabi_fcmpeq
                0x00000000080004c8                __aeabi_fcmplt
                0x00000000080004dc                __aeabi_fcmple
                0x00000000080004f0                __aeabi_fcmpgt
                0x0000000008000504                __aeabi_fcmpge
 .text          0x0000000008000518       0x48 /opt/st/stm32cubeide_1.8.0/plugins/com.st.stm32cube.ide.mcu.externaltools.gnu-tools-for-stm32.9-2020-q2-update.linux64_2.0.0.202105311346/tools/bin/../lib/gcc/arm-none-eabi/9.3.1/thumb/v6-m/nofp/libgcc.a(_aeabi_ldivmod.o)
                0x0000000008000518                __aeabi_ldivmod
 .text          0x0000000008000560       0x50 /opt/st/stm32cubeide_1.8.0/plugins/com.st.stm32cube.ide.mcu.externaltools.gnu-tools-for-stm32.9-2020-q2-update.linux64_2.0.0.202105311346/tools/bin/../lib/gcc/arm-none-eabi/9.3.1/thumb/v6-m/nofp/libgcc.a(_muldi3.o)
                0x0000000008000560                __aeabi_lmul
                0x0000000008000560                __muldi3
 .text          0x00000000080005b0       0x30 /opt/st/stm32cubeide_1.8.0/plugins/com.st.stm32cube.ide.mcu.externaltools.gnu-tools-for-stm32.9-2020-q2-update.linux64_2.0.0.202105311346/tools/bin/../lib/gcc/arm-none-eabi/9.3.1/thumb/v6-m/nofp/libgcc.a(_fixunssfsi.o)
                0x00000000080005b0                __aeabi_f2uiz
                0x00000000080005b0                __fixunssfsi
 .text          0x00000000080005e0       0x3c /opt/st/stm32cubeide_1.8.0/plugins/com.st.stm32cube.ide.mcu.externaltools.gnu-tools-for-stm32.9-2020-q2-update.linux64_2.0.0.202105311346/tools/bin/../lib/gcc/arm-none-eabi/9.3.1/thumb/v6-m/nofp/libgcc.a(_fixunsdfsi.o)
                0x00000000080005e0                __fixunsdfsi
                0x00000000080005e0                __aeabi_d2uiz
 .text          0x000000000800061c       0x3c /opt/st/stm32cubeide_1.8.0/plugins/com.st.stm32cube.ide.mcu.externaltools.gnu-tools-for-stm32.9-2020-q2-update.linux64_2.0.0.202105311346/tools/bin/../lib/gcc/arm-none-eabi/9.3.1/thumb/v6-m/nofp/libgcc.a(bpabi.o)
                0x000000000800061c                __gnu_ldivmod_helper
 .text          0x0000000008000658      0x338 /opt/st/stm32cubeide_1.8.0/plugins/com.st.stm32cube.ide.mcu.externaltools.gnu-tools-for-stm32.9-2020-q2-update.linux64_2.0.0.202105311346/tools/bin/../lib/gcc/arm-none-eabi/9.3.1/thumb/v6-m/nofp/libgcc.a(addsf3.o)
                0x0000000008000658                __aeabi_fadd
 .text          0x0000000008000990      0x218 /opt/st/stm32cubeide_1.8.0/plugins/com.st.stm32cube.ide.mcu.externaltools.gnu-tools-for-stm32.9-2020-q2-update.linux64_2.0.0.202105311346/tools/bin/../lib/gcc/arm-none-eabi/9.3.1/thumb/v6-m/nofp/libgcc.a(divsf3.o)
                0x0000000008000990                __aeabi_fdiv
 .text          0x0000000008000ba8       0x50 /opt/st/stm32cubeide_1.8.0/plugins/com.st.stm32cube.ide.mcu.externaltools.gnu-tools-for-stm32.9-2020-q2-update.linux64_2.0.0.202105311346/tools/bin/../lib/gcc/arm-none-eabi/9.3.1/thumb/v6-m/nofp/libgcc.a(eqsf2.o)
                0x0000000008000ba8                __nesf2
                0x0000000008000ba8                __eqsf2
 .text          0x0000000008000bf8       0x98 /opt/st/stm32cubeide_1.8.0/plugins/com.st.stm32cube.ide.mcu.externaltools.gnu-tools-for-stm32.9-2020-q2-update.linux64_2.0.0.202105311346/tools/bin/../lib/gcc/arm-none-eabi/9.3.1/thumb/v6-m/nofp/libgcc.a(gesf2.o)
                0x0000000008000bf8                __gtsf2
                0x0000000008000bf8                __gesf2
 .text          0x0000000008000c90       0x94 /opt/st/stm32cubeide_1.8.0/plugins/com.st.stm32cube.ide.mcu.externaltools.gnu-tools-for-stm32.9-2020-q2-update.linux64_2.0.0.202105311346/tools/bin/../lib/gcc/arm-none-eabi/9.3.1/thumb/v6-m/nofp/libgcc.a(lesf2.o)
                0x0000000008000c90                __lesf2
                0x0000000008000c90                __ltsf2
 .text          0x0000000008000d24      0x234 /opt/st/stm32cubeide_1.8.0/plugins/com.st.stm32cube.ide.mcu.externaltools.gnu-tools-for-stm32.9-2020-q2-update.linux64_2.0.0.202105311346/tools/bin/../lib/gcc/arm-none-eabi/9.3.1/thumb/v6-m/nofp/libgcc.a(mulsf3.o)
                0x0000000008000d24                __aeabi_fmul
 .text          0x0000000008000f58      0x390 /opt/st/stm32cubeide_1.8.0/plugins/com.st.stm32cube.ide.mcu.externaltools.gnu-tools-for-stm32.9-2020-q2-update.linux64_2.0.0.202105311346/tools/bin/../lib/gcc/arm-none-eabi/9.3.1/thumb/v6-m/nofp/libgcc.a(subsf3.o)
                0x0000000008000f58                __aeabi_fsub
 .text          0x00000000080012e8       0x40 /opt/st/stm32cubeide_1.8.0/plugins/com.st.stm32cube.ide.mcu.externaltools.gnu-tools-for-stm32.9-2020-q2-update.linux64_2.0.0.202105311346/tools/bin/../lib/gcc/arm-none-eabi/9.3.1/thumb/v6-m/nofp/libgcc.a(fixsfsi.o)
                0x00000000080012e8                __aeabi_f2iz
 .text          0x0000000008001328       0x8c /opt/st/stm32cubeide_1.8.0/plugins/com.st.stm32cube.ide.mcu.externaltools.gnu-tools-for-stm32.9-2020-q2-update.linux64_2.0.0.202105311346/tools/bin/../lib/gcc/arm-none-eabi/9.3.1/thumb/v6-m/nofp/libgcc.a(floatsisf.o)
                0x0000000008001328                __aeabi_i2f
 .text          0x00000000080013b4       0x78 /opt/st/stm32cubeide_1.8.0/plugins/com.st.stm32cube.ide.mcu.externaltools.gnu-tools-for-stm32.9-2020-q2-update.linux64_2.0.0.202105311346/tools/bin/../lib/gcc/arm-none-eabi/9.3.1/thumb/v6-m/nofp/libgcc.a(floatunsisf.o)
                0x00000000080013b4                __aeabi_ui2f
 .text          0x000000000800142c      0x6d4 /opt/st/stm32cubeide_1.8.0/plugins/com.st.stm32cube.ide.mcu.externaltools.gnu-tools-for-stm32.9-2020-q2-update.linux64_2.0.0.202105311346/tools/bin/../lib/gcc/arm-none-eabi/9.3.1/thumb/v6-m/nofp/libgcc.a(adddf3.o)
                0x000000000800142c                __aeabi_dadd
 .text          0x0000000008001b00      0x5d0 /opt/st/stm32cubeide_1.8.0/plugins/com.st.stm32cube.ide.mcu.externaltools.gnu-tools-for-stm32.9-2020-q2-update.linux64_2.0.0.202105311346/tools/bin/../lib/gcc/arm-none-eabi/9.3.1/thumb/v6-m/nofp/libgcc.a(divdf3.o)
                0x0000000008001b00                __aeabi_ddiv
 .text          0x00000000080020d0       0x78 /opt/st/stm32cubeide_1.8.0/plugins/com.st.stm32cube.ide.mcu.externaltools.gnu-tools-for-stm32.9-2020-q2-update.linux64_2.0.0.202105311346/tools/bin/../lib/gcc/arm-none-eabi/9.3.1/thumb/v6-m/nofp/libgcc.a(eqdf2.o)
                0x00000000080020d0                __eqdf2
                0x00000000080020d0                __nedf2
 .text          0x0000000008002148       0xe4 /opt/st/stm32cubeide_1.8.0/plugins/com.st.stm32cube.ide.mcu.externaltools.gnu-tools-for-stm32.9-2020-q2-update.linux64_2.0.0.202105311346/tools/bin/../lib/gcc/arm-none-eabi/9.3.1/thumb/v6-m/nofp/libgcc.a(gedf2.o)
                0x0000000008002148                __gtdf2
                0x0000000008002148                __gedf2
 .text          0x000000000800222c       0xe0 /opt/st/stm32cubeide_1.8.0/plugins/com.st.stm32cube.ide.mcu.externaltools.gnu-tools-for-stm32.9-2020-q2-update.linux64_2.0.0.202105311346/tools/bin/../lib/gcc/arm-none-eabi/9.3.1/thumb/v6-m/nofp/libgcc.a(ledf2.o)
                0x000000000800222c                __ltdf2
                0x000000000800222c                __ledf2
 .text          0x000000000800230c      0x4d8 /opt/st/stm32cubeide_1.8.0/plugins/com.st.stm32cube.ide.mcu.externaltools.gnu-tools-for-stm32.9-2020-q2-update.linux64_2.0.0.202105311346/tools/bin/../lib/gcc/arm-none-eabi/9.3.1/thumb/v6-m/nofp/libgcc.a(muldf3.o)
                0x000000000800230c                __aeabi_dmul
 .text          0x00000000080027e4      0x724 /opt/st/stm32cubeide_1.8.0/plugins/com.st.stm32cube.ide.mcu.externaltools.gnu-tools-for-stm32.9-2020-q2-update.linux64_2.0.0.202105311346/tools/bin/../lib/gcc/arm-none-eabi/9.3.1/thumb/v6-m/nofp/libgcc.a(subdf3.o)
                0x00000000080027e4                __aeabi_dsub
 .text          0x0000000008002f08       0x3c /opt/st/stm32cubeide_1.8.0/plugins/com.st.stm32cube.ide.mcu.externaltools.gnu-tools-for-stm32.9-2020-q2-update.linux64_2.0.0.202105311346/tools/bin/../lib/gcc/arm-none-eabi/9.3.1/thumb/v6-m/nofp/libgcc.a(unorddf2.o)
                0x0000000008002f08                __aeabi_dcmpun
 .text          0x0000000008002f44       0x6c /opt/st/stm32cubeide_1.8.0/plugins/com.st.stm32cube.ide.mcu.externaltools.gnu-tools-for-stm32.9-2020-q2-update.linux64_2.0.0.202105311346/tools/bin/../lib/gcc/arm-none-eabi/9.3.1/thumb/v6-m/nofp/libgcc.a(fixdfsi.o)
                0x0000000008002f44                __aeabi_d2iz
 .text          0x0000000008002fb0       0x60 /opt/st/stm32cubeide_1.8.0/plugins/com.st.stm32cube.ide.mcu.externaltools.gnu-tools-for-stm32.9-2020-q2-update.linux64_2.0.0.202105311346/tools/bin/../lib/gcc/arm-none-eabi/9.3.1/thumb/v6-m/nofp/libgcc.a(floatsidf.o)
                0x0000000008002fb0                __aeabi_i2d
 .text          0x0000000008003010       0x4c /opt/st/stm32cubeide_1.8.0/plugins/com.st.stm32cube.ide.mcu.externaltools.gnu-tools-for-stm32.9-2020-q2-update.linux64_2.0.0.202105311346/tools/bin/../lib/gcc/arm-none-eabi/9.3.1/thumb/v6-m/nofp/libgcc.a(floatunsidf.o)
                0x0000000008003010                __aeabi_ui2d
 .text          0x000000000800305c       0x90 /opt/st/stm32cubeide_1.8.0/plugins/com.st.stm32cube.ide.mcu.externaltools.gnu-tools-for-stm32.9-2020-q2-update.linux64_2.0.0.202105311346/tools/bin/../lib/gcc/arm-none-eabi/9.3.1/thumb/v6-m/nofp/libgcc.a(extendsfdf2.o)
                0x000000000800305c                __aeabi_f2d
 .text          0x00000000080030ec      0x110 /opt/st/stm32cubeide_1.8.0/plugins/com.st.stm32cube.ide.mcu.externaltools.gnu-tools-for-stm32.9-2020-q2-update.linux64_2.0.0.202105311346/tools/bin/../lib/gcc/arm-none-eabi/9.3.1/thumb/v6-m/nofp/libgcc.a(truncdfsf2.o)
                0x00000000080030ec                __aeabi_d2f
 .text          0x00000000080031fc       0x3c /opt/st/stm32cubeide_1.8.0/plugins/com.st.stm32cube.ide.mcu.externaltools.gnu-tools-for-stm32.9-2020-q2-update.linux64_2.0.0.202105311346/tools/bin/../lib/gcc/arm-none-eabi/9.3.1/thumb/v6-m/nofp/libgcc.a(_clzsi2.o)
                0x00000000080031fc                __clzsi2
 .text          0x0000000008003238      0x1cc /opt/st/stm32cubeide_1.8.0/plugins/com.st.stm32cube.ide.mcu.externaltools.gnu-tools-for-stm32.9-2020-q2-update.linux64_2.0.0.202105311346/tools/bin/../lib/gcc/arm-none-eabi/9.3.1/thumb/v6-m/nofp/libgcc.a(_divdi3.o)
                0x0000000008003238                __divdi3
 .text          0x0000000008003404       0x18 /opt/st/stm32cubeide_1.8.0/plugins/com.st.stm32cube.ide.mcu.externaltools.gnu-tools-for-stm32.9-2020-q2-update.linux64_2.0.0.202105311346/tools/bin/../lib/gcc/arm-none-eabi/9.3.1/thumb/v6-m/nofp/libgcc.a(_clzdi2.o)
                0x0000000008003404                __clzdi2
 *(.text*)
 .text.HAL_InitTick
                0x000000000800341c       0x50 ./Drivers/STM32G0xx_HAL_Driver/Src/stm32g0xx_hal.o
                0x000000000800341c                HAL_InitTick
 .text.HAL_Init
                0x000000000800346c       0x28 ./Drivers/STM32G0xx_HAL_Driver/Src/stm32g0xx_hal.o
                0x000000000800346c                HAL_Init
 .text.HAL_IncTick
                0x0000000008003494       0x18 ./Drivers/STM32G0xx_HAL_Driver/Src/stm32g0xx_hal.o
                0x0000000008003494                HAL_IncTick
 .text.HAL_GetTick
                0x00000000080034ac        0xc ./Drivers/STM32G0xx_HAL_Driver/Src/stm32g0xx_hal.o
                0x00000000080034ac                HAL_GetTick
 .text.HAL_Delay
                0x00000000080034b8       0x24 ./Drivers/STM32G0xx_HAL_Driver/Src/stm32g0xx_hal.o
                0x00000000080034b8                HAL_Delay
 .text.HAL_SuspendTick
                0x00000000080034dc       0x10 ./Drivers/STM32G0xx_HAL_Driver/Src/stm32g0xx_hal.o
                0x00000000080034dc                HAL_SuspendTick
 .text.HAL_ResumeTick
                0x00000000080034ec       0x10 ./Drivers/STM32G0xx_HAL_Driver/Src/stm32g0xx_hal.o
                0x00000000080034ec                HAL_ResumeTick
 .text.HAL_SYSCFG_StrobeDBattpinsConfig
                0x00000000080034fc       0x18 ./Drivers/STM32G0xx_HAL_Driver/Src/stm32g0xx_hal.o
                0x00000000080034fc                HAL_SYSCFG_StrobeDBattpinsConfig
 .text.LL_ADC_REG_IsConversionOngoing
                0x0000000008003514        0x8 ./Drivers/STM32G0xx_HAL_Driver/Src/stm32g0xx_hal_adc.o
 .text.HAL_ADC_Init
                0x000000000800351c      0x270 ./Drivers/STM32G0xx_HAL_Driver/Src/stm32g0xx_hal_adc.o
                0x000000000800351c                HAL_ADC_Init
 .text.HAL_ADC_ConvCpltCallback
                0x000000000800378c        0x2 ./Drivers/STM32G0xx_HAL_Driver/Src/stm32g0xx_hal_adc.o
                0x000000000800378c                HAL_ADC_ConvCpltCallback
 .text.HAL_ADC_ConvHalfCpltCallback
                0x000000000800378e        0x2 ./Drivers/STM32G0xx_HAL_Driver/Src/stm32g0xx_hal_adc.o
                0x000000000800378e                HAL_ADC_ConvHalfCpltCallback
 .text.ADC_DMAHalfConvCplt
                0x0000000008003790        0xa ./Drivers/STM32G0xx_HAL_Driver/Src/stm32g0xx_hal_adc.o
 .text.HAL_ADC_ErrorCallback
                0x000000000800379a        0x2 ./Drivers/STM32G0xx_HAL_Driver/Src/stm32g0xx_hal_adc.o
                0x000000000800379a                HAL_ADC_ErrorCallback
 .text.ADC_DMAError
                0x000000000800379c       0x1a ./Drivers/STM32G0xx_HAL_Driver/Src/stm32g0xx_hal_adc.o
 *fill*         0x00000000080037b6        0x2 
 .text.ADC_DMAConvCplt
                0x00000000080037b8       0x80 ./Drivers/STM32G0xx_HAL_Driver/Src/stm32g0xx_hal_adc.o
 .text.HAL_ADC_ConfigChannel
                0x0000000008003838      0x24c ./Drivers/STM32G0xx_HAL_Driver/Src/stm32g0xx_hal_adc.o
                0x0000000008003838                HAL_ADC_ConfigChannel
 .text.ADC_Enable
                0x0000000008003a84       0xb8 ./Drivers/STM32G0xx_HAL_Driver/Src/stm32g0xx_hal_adc.o
                0x0000000008003a84                ADC_Enable
 .text.HAL_ADC_Start_DMA
                0x0000000008003b3c       0xb0 ./Drivers/STM32G0xx_HAL_Driver/Src/stm32g0xx_hal_adc.o
                0x0000000008003b3c                HAL_ADC_Start_DMA
 .text.HAL_NVIC_SetPriority
                0x0000000008003bec       0x54 ./Drivers/STM32G0xx_HAL_Driver/Src/stm32g0xx_hal_cortex.o
                0x0000000008003bec                HAL_NVIC_SetPriority
 .text.HAL_NVIC_EnableIRQ
                0x0000000008003c40       0x18 ./Drivers/STM32G0xx_HAL_Driver/Src/stm32g0xx_hal_cortex.o
                0x0000000008003c40                HAL_NVIC_EnableIRQ
 .text.HAL_SYSTICK_Config
                0x0000000008003c58       0x34 ./Drivers/STM32G0xx_HAL_Driver/Src/stm32g0xx_hal_cortex.o
                0x0000000008003c58                HAL_SYSTICK_Config
 .text.DMA_SetConfig
                0x0000000008003c8c       0x40 ./Drivers/STM32G0xx_HAL_Driver/Src/stm32g0xx_hal_dma.o
 .text.DMA_CalcDMAMUXChannelBaseAndMask
                0x0000000008003ccc       0x34 ./Drivers/STM32G0xx_HAL_Driver/Src/stm32g0xx_hal_dma.o
 .text.HAL_DMA_Init
                0x0000000008003d00       0xbc ./Drivers/STM32G0xx_HAL_Driver/Src/stm32g0xx_hal_dma.o
                0x0000000008003d00                HAL_DMA_Init
 .text.HAL_DMA_Start_IT
                0x0000000008003dbc       0x92 ./Drivers/STM32G0xx_HAL_Driver/Src/stm32g0xx_hal_dma.o
                0x0000000008003dbc                HAL_DMA_Start_IT
 *fill*         0x0000000008003e4e        0x2 
 .text.HAL_DMA_IRQHandler
                0x0000000008003e50       0xa8 ./Drivers/STM32G0xx_HAL_Driver/Src/stm32g0xx_hal_dma.o
                0x0000000008003e50                HAL_DMA_IRQHandler
 .text.HAL_FLASH_Unlock
                0x0000000008003ef8       0x24 ./Drivers/STM32G0xx_HAL_Driver/Src/stm32g0xx_hal_flash.o
                0x0000000008003ef8                HAL_FLASH_Unlock
 .text.HAL_FLASH_Lock
                0x0000000008003f1c       0x18 ./Drivers/STM32G0xx_HAL_Driver/Src/stm32g0xx_hal_flash.o
                0x0000000008003f1c                HAL_FLASH_Lock
 .text.FLASH_WaitForLastOperation
                0x0000000008003f34       0x6c ./Drivers/STM32G0xx_HAL_Driver/Src/stm32g0xx_hal_flash.o
                0x0000000008003f34                FLASH_WaitForLastOperation
 .text.HAL_FLASH_Program
                0x0000000008003fa0       0x68 ./Drivers/STM32G0xx_HAL_Driver/Src/stm32g0xx_hal_flash.o
                0x0000000008003fa0                HAL_FLASH_Program
 .text.FLASH_PageErase
                0x0000000008004008       0x20 ./Drivers/STM32G0xx_HAL_Driver/Src/stm32g0xx_hal_flash_ex.o
                0x0000000008004008                FLASH_PageErase
 .text.HAL_FLASHEx_Erase
                0x0000000008004028       0x94 ./Drivers/STM32G0xx_HAL_Driver/Src/stm32g0xx_hal_flash_ex.o
                0x0000000008004028                HAL_FLASHEx_Erase
 .text.HAL_GPIO_Init
                0x00000000080040bc      0x15c ./Drivers/STM32G0xx_HAL_Driver/Src/stm32g0xx_hal_gpio.o
                0x00000000080040bc                HAL_GPIO_Init
 .text.HAL_GPIO_ReadPin
                0x0000000008004218        0xc ./Drivers/STM32G0xx_HAL_Driver/Src/stm32g0xx_hal_gpio.o
                0x0000000008004218                HAL_GPIO_ReadPin
 .text.HAL_GPIO_WritePin
                0x0000000008004224        0xc ./Drivers/STM32G0xx_HAL_Driver/Src/stm32g0xx_hal_gpio.o
                0x0000000008004224                HAL_GPIO_WritePin
 .text.HAL_GPIO_EXTI_Rising_Callback
                0x0000000008004230        0x2 ./Drivers/STM32G0xx_HAL_Driver/Src/stm32g0xx_hal_gpio.o
                0x0000000008004230                HAL_GPIO_EXTI_Rising_Callback
 *fill*         0x0000000008004232        0x2 
 .text.HAL_GPIO_EXTI_IRQHandler
                0x0000000008004234       0x28 ./Drivers/STM32G0xx_HAL_Driver/Src/stm32g0xx_hal_gpio.o
                0x0000000008004234                HAL_GPIO_EXTI_IRQHandler
 .text.I2C_Flush_TXDR
                0x000000000800425c       0x1c ./Drivers/STM32G0xx_HAL_Driver/Src/stm32g0xx_hal_i2c.o
 .text.I2C_TransferConfig
                0x0000000008004278       0x28 ./Drivers/STM32G0xx_HAL_Driver/Src/stm32g0xx_hal_i2c.o
 .text.I2C_IsAcknowledgeFailed
                0x00000000080042a0       0x88 ./Drivers/STM32G0xx_HAL_Driver/Src/stm32g0xx_hal_i2c.o
 .text.I2C_WaitOnTXISFlagUntilTimeout
                0x0000000008004328       0x54 ./Drivers/STM32G0xx_HAL_Driver/Src/stm32g0xx_hal_i2c.o
 .text.I2C_WaitOnSTOPFlagUntilTimeout
                0x000000000800437c       0x50 ./Drivers/STM32G0xx_HAL_Driver/Src/stm32g0xx_hal_i2c.o
 .text.I2C_WaitOnFlagUntilTimeout
                0x00000000080043cc       0x50 ./Drivers/STM32G0xx_HAL_Driver/Src/stm32g0xx_hal_i2c.o
 .text.I2C_RequestMemoryWrite
                0x000000000800441c       0x68 ./Drivers/STM32G0xx_HAL_Driver/Src/stm32g0xx_hal_i2c.o
 .text.I2C_RequestMemoryRead
                0x0000000008004484       0x64 ./Drivers/STM32G0xx_HAL_Driver/Src/stm32g0xx_hal_i2c.o
 .text.HAL_I2C_Init
                0x00000000080044e8       0xac ./Drivers/STM32G0xx_HAL_Driver/Src/stm32g0xx_hal_i2c.o
                0x00000000080044e8                HAL_I2C_Init
 .text.HAL_I2C_Mem_Write
                0x0000000008004594      0x174 ./Drivers/STM32G0xx_HAL_Driver/Src/stm32g0xx_hal_i2c.o
                0x0000000008004594                HAL_I2C_Mem_Write
 .text.HAL_I2C_Mem_Read
                0x0000000008004708      0x188 ./Drivers/STM32G0xx_HAL_Driver/Src/stm32g0xx_hal_i2c.o
                0x0000000008004708                HAL_I2C_Mem_Read
 .text.HAL_I2CEx_ConfigAnalogFilter
                0x0000000008004890       0x4c ./Drivers/STM32G0xx_HAL_Driver/Src/stm32g0xx_hal_i2c_ex.o
                0x0000000008004890                HAL_I2CEx_ConfigAnalogFilter
 .text.HAL_I2CEx_ConfigDigitalFilter
                0x00000000080048dc       0x48 ./Drivers/STM32G0xx_HAL_Driver/Src/stm32g0xx_hal_i2c_ex.o
                0x00000000080048dc                HAL_I2CEx_ConfigDigitalFilter
 .text.HAL_PWR_EnableBkUpAccess
                0x0000000008004924       0x14 ./Drivers/STM32G0xx_HAL_Driver/Src/stm32g0xx_hal_pwr.o
                0x0000000008004924                HAL_PWR_EnableBkUpAccess
 .text.HAL_PWR_EnterSTOPMode
                0x0000000008004938       0x44 ./Drivers/STM32G0xx_HAL_Driver/Src/stm32g0xx_hal_pwr.o
                0x0000000008004938                HAL_PWR_EnterSTOPMode
 .text.HAL_PWREx_ControlVoltageScaling
                0x000000000800497c       0x58 ./Drivers/STM32G0xx_HAL_Driver/Src/stm32g0xx_hal_pwr_ex.o
                0x000000000800497c                HAL_PWREx_ControlVoltageScaling
 .text.HAL_RCC_OscConfig
                0x00000000080049d4      0x438 ./Drivers/STM32G0xx_HAL_Driver/Src/stm32g0xx_hal_rcc.o
                0x00000000080049d4                HAL_RCC_OscConfig
 .text.HAL_RCC_GetSysClockFreq
                0x0000000008004e0c       0x88 ./Drivers/STM32G0xx_HAL_Driver/Src/stm32g0xx_hal_rcc.o
                0x0000000008004e0c                HAL_RCC_GetSysClockFreq
 .text.HAL_RCC_ClockConfig
                0x0000000008004e94      0x15c ./Drivers/STM32G0xx_HAL_Driver/Src/stm32g0xx_hal_rcc.o
                0x0000000008004e94                HAL_RCC_ClockConfig
 .text.HAL_RCCEx_PeriphCLKConfig
                0x0000000008004ff0      0x168 ./Drivers/STM32G0xx_HAL_Driver/Src/stm32g0xx_hal_rcc_ex.o
                0x0000000008004ff0                HAL_RCCEx_PeriphCLKConfig
 .text.HAL_RTC_WaitForSynchro
                0x0000000008005158       0x34 ./Drivers/STM32G0xx_HAL_Driver/Src/stm32g0xx_hal_rtc.o
                0x0000000008005158                HAL_RTC_WaitForSynchro
 .text.RTC_EnterInitMode
                0x000000000800518c       0x48 ./Drivers/STM32G0xx_HAL_Driver/Src/stm32g0xx_hal_rtc.o
                0x000000000800518c                RTC_EnterInitMode
 .text.RTC_ExitInitMode
                0x00000000080051d4       0x48 ./Drivers/STM32G0xx_HAL_Driver/Src/stm32g0xx_hal_rtc.o
                0x00000000080051d4                RTC_ExitInitMode
 .text.HAL_RTC_Init
                0x000000000800521c       0xa0 ./Drivers/STM32G0xx_HAL_Driver/Src/stm32g0xx_hal_rtc.o
                0x000000000800521c                HAL_RTC_Init
 .text.RTC_ByteToBcd2
                0x00000000080052bc       0x16 ./Drivers/STM32G0xx_HAL_Driver/Src/stm32g0xx_hal_rtc.o
                0x00000000080052bc                RTC_ByteToBcd2
 *fill*         0x00000000080052d2        0x2 
 .text.HAL_RTC_SetTime
                0x00000000080052d4       0xd4 ./Drivers/STM32G0xx_HAL_Driver/Src/stm32g0xx_hal_rtc.o
                0x00000000080052d4                HAL_RTC_SetTime
 .text.HAL_RTC_SetDate
                0x00000000080053a8       0xac ./Drivers/STM32G0xx_HAL_Driver/Src/stm32g0xx_hal_rtc.o
                0x00000000080053a8                HAL_RTC_SetDate
 .text.RTC_Bcd2ToByte
                0x0000000008005454       0x12 ./Drivers/STM32G0xx_HAL_Driver/Src/stm32g0xx_hal_rtc.o
                0x0000000008005454                RTC_Bcd2ToByte
 *fill*         0x0000000008005466        0x2 
 .text.HAL_RTC_GetTime
                0x0000000008005468       0x50 ./Drivers/STM32G0xx_HAL_Driver/Src/stm32g0xx_hal_rtc.o
                0x0000000008005468                HAL_RTC_GetTime
 .text.HAL_RTC_GetDate
                0x00000000080054b8       0x44 ./Drivers/STM32G0xx_HAL_Driver/Src/stm32g0xx_hal_rtc.o
                0x00000000080054b8                HAL_RTC_GetDate
 .text.HAL_RTCEx_SetWakeUpTimer_IT
                0x00000000080054fc       0xcc ./Drivers/STM32G0xx_HAL_Driver/Src/stm32g0xx_hal_rtc_ex.o
                0x00000000080054fc                HAL_RTCEx_SetWakeUpTimer_IT
 .text.HAL_RTCEx_WakeUpTimerEventCallback
                0x00000000080055c8        0x2 ./Drivers/STM32G0xx_HAL_Driver/Src/stm32g0xx_hal_rtc_ex.o
                0x00000000080055c8                HAL_RTCEx_WakeUpTimerEventCallback
 .text.HAL_RTCEx_WakeUpTimerIRQHandler
                0x00000000080055ca       0x20 ./Drivers/STM32G0xx_HAL_Driver/Src/stm32g0xx_hal_rtc_ex.o
                0x00000000080055ca                HAL_RTCEx_WakeUpTimerIRQHandler
 *fill*         0x00000000080055ea        0x2 
 .text.SPI_WaitFlagStateUntilTimeout.constprop.0
                0x00000000080055ec       0xb8 ./Drivers/STM32G0xx_HAL_Driver/Src/stm32g0xx_hal_spi.o
 .text.SPI_WaitFifoStateUntilTimeout.constprop.0
                0x00000000080056a4       0xd8 ./Drivers/STM32G0xx_HAL_Driver/Src/stm32g0xx_hal_spi.o
 .text.SPI_EndRxTxTransaction
                0x000000000800577c       0x46 ./Drivers/STM32G0xx_HAL_Driver/Src/stm32g0xx_hal_spi.o
 *fill*         0x00000000080057c2        0x2 
 .text.HAL_SPI_Init
                0x00000000080057c4       0xf0 ./Drivers/STM32G0xx_HAL_Driver/Src/stm32g0xx_hal_spi.o
                0x00000000080057c4                HAL_SPI_Init
 .text.HAL_SPI_Transmit
                0x00000000080058b4      0x17a ./Drivers/STM32G0xx_HAL_Driver/Src/stm32g0xx_hal_spi.o
                0x00000000080058b4                HAL_SPI_Transmit
 *fill*         0x0000000008005a2e        0x2 
 .text.HAL_TIM_Base_Start_IT
                0x0000000008005a30       0x64 ./Drivers/STM32G0xx_HAL_Driver/Src/stm32g0xx_hal_tim.o
                0x0000000008005a30                HAL_TIM_Base_Start_IT
 .text.HAL_TIM_OC_DelayElapsedCallback
                0x0000000008005a94        0x2 ./Drivers/STM32G0xx_HAL_Driver/Src/stm32g0xx_hal_tim.o
                0x0000000008005a94                HAL_TIM_OC_DelayElapsedCallback
 .text.HAL_TIM_IC_CaptureCallback
                0x0000000008005a96        0x2 ./Drivers/STM32G0xx_HAL_Driver/Src/stm32g0xx_hal_tim.o
                0x0000000008005a96                HAL_TIM_IC_CaptureCallback
 .text.HAL_TIM_PWM_PulseFinishedCallback
                0x0000000008005a98        0x2 ./Drivers/STM32G0xx_HAL_Driver/Src/stm32g0xx_hal_tim.o
                0x0000000008005a98                HAL_TIM_PWM_PulseFinishedCallback
 .text.HAL_TIM_TriggerCallback
                0x0000000008005a9a        0x2 ./Drivers/STM32G0xx_HAL_Driver/Src/stm32g0xx_hal_tim.o
                0x0000000008005a9a                HAL_TIM_TriggerCallback
 .text.HAL_TIM_IRQHandler
                0x0000000008005a9c      0x168 ./Drivers/STM32G0xx_HAL_Driver/Src/stm32g0xx_hal_tim.o
                0x0000000008005a9c                HAL_TIM_IRQHandler
 .text.TIM_Base_SetConfig
                0x0000000008005c04       0x90 ./Drivers/STM32G0xx_HAL_Driver/Src/stm32g0xx_hal_tim.o
                0x0000000008005c04                TIM_Base_SetConfig
 .text.HAL_TIM_Base_Init
                0x0000000008005c94       0x54 ./Drivers/STM32G0xx_HAL_Driver/Src/stm32g0xx_hal_tim.o
                0x0000000008005c94                HAL_TIM_Base_Init
 .text.TIM_ETR_SetConfig
                0x0000000008005ce8       0x18 ./Drivers/STM32G0xx_HAL_Driver/Src/stm32g0xx_hal_tim.o
                0x0000000008005ce8                TIM_ETR_SetConfig
 .text.HAL_TIM_ConfigClockSource
                0x0000000008005d00      0x128 ./Drivers/STM32G0xx_HAL_Driver/Src/stm32g0xx_hal_tim.o
                0x0000000008005d00                HAL_TIM_ConfigClockSource
 .text.HAL_TIMEx_MasterConfigSynchronization
                0x0000000008005e28       0x6c ./Drivers/STM32G0xx_HAL_Driver/Src/stm32g0xx_hal_tim_ex.o
                0x0000000008005e28                HAL_TIMEx_MasterConfigSynchronization
 .text.HAL_TIMEx_CommutCallback
                0x0000000008005e94        0x2 ./Drivers/STM32G0xx_HAL_Driver/Src/stm32g0xx_hal_tim_ex.o
                0x0000000008005e94                HAL_TIMEx_CommutCallback
 .text.HAL_TIMEx_BreakCallback
                0x0000000008005e96        0x2 ./Drivers/STM32G0xx_HAL_Driver/Src/stm32g0xx_hal_tim_ex.o
                0x0000000008005e96                HAL_TIMEx_BreakCallback
 .text.HAL_TIMEx_Break2Callback
                0x0000000008005e98        0x2 ./Drivers/STM32G0xx_HAL_Driver/Src/stm32g0xx_hal_tim_ex.o
                0x0000000008005e98                HAL_TIMEx_Break2Callback
 *fill*         0x0000000008005e9a        0x2 
 .text.DEV_SPI_WriteByte
                0x0000000008005e9c       0x1c ./Src/Display_Config/DEV_Config.o
                0x0000000008005e9c                DEV_SPI_WriteByte
 .text.DEV_Module_Init
                0x0000000008005eb8       0x2e ./Src/Display_Config/DEV_Config.o
                0x0000000008005eb8                DEV_Module_Init
 .text.EPD_1IN54_V2_SendCommand
                0x0000000008005ee6       0x34 ./Src/Display_EPD/EPD_1in54_V2.o
 .text.EPD_1IN54_V2_SendData
                0x0000000008005f1a       0x34 ./Src/Display_EPD/EPD_1in54_V2.o
 *fill*         0x0000000008005f4e        0x2 
 .text.EPD_1IN54_V2_ReadBusy
                0x0000000008005f50       0x34 ./Src/Display_EPD/EPD_1in54_V2.o
 .text.EPD_1IN54_V2_TurnOnDisplay
                0x0000000008005f84       0x1a ./Src/Display_EPD/EPD_1in54_V2.o
 .text.EPD_1IN54_V2_TurnOnDisplayPart
                0x0000000008005f9e       0x1a ./Src/Display_EPD/EPD_1in54_V2.o
 .text.EPD_1IN54_V2_Init
                0x0000000008005fb8       0xea ./Src/Display_EPD/EPD_1in54_V2.o
                0x0000000008005fb8                EPD_1IN54_V2_Init
 .text.EPD_1IN54_V2_Clear
                0x00000000080060a2       0x2a ./Src/Display_EPD/EPD_1in54_V2.o
                0x00000000080060a2                EPD_1IN54_V2_Clear
 .text.EPD_1IN54_V2_Display
                0x00000000080060cc       0x34 ./Src/Display_EPD/EPD_1in54_V2.o
                0x00000000080060cc                EPD_1IN54_V2_Display
 .text.EPD_1IN54_V2_DisplayPartBaseImage
                0x0000000008006100       0x54 ./Src/Display_EPD/EPD_1in54_V2.o
                0x0000000008006100                EPD_1IN54_V2_DisplayPartBaseImage
 .text.EPD_1IN54_V2_DisplayPart
                0x0000000008006154       0x68 ./Src/Display_EPD/EPD_1in54_V2.o
                0x0000000008006154                EPD_1IN54_V2_DisplayPart
 .text.Paint_NewImage
                0x00000000080061bc       0x40 ./Src/Display_GUI/GUI_Paint.o
                0x00000000080061bc                Paint_NewImage
 .text.Paint_SelectImage
                0x00000000080061fc        0xc ./Src/Display_GUI/GUI_Paint.o
                0x00000000080061fc                Paint_SelectImage
 .text.Paint_SetPixel
                0x0000000008006208      0x11c ./Src/Display_GUI/GUI_Paint.o
                0x0000000008006208                Paint_SetPixel
 .text.Paint_Clear
                0x0000000008006324       0x68 ./Src/Display_GUI/GUI_Paint.o
                0x0000000008006324                Paint_Clear
 .text.Paint_DrawPoint
                0x000000000800638c       0xf0 ./Src/Display_GUI/GUI_Paint.o
                0x000000000800638c                Paint_DrawPoint
 .text.Paint_DrawLine
                0x000000000800647c      0x100 ./Src/Display_GUI/GUI_Paint.o
                0x000000000800647c                Paint_DrawLine
 .text.Paint_DrawPointer
                0x000000000800657c       0xea ./Src/Display_GUI/GUI_Paint.o
                0x000000000800657c                Paint_DrawPointer
 *fill*         0x0000000008006666        0x2 
 .text.Paint_DrawRectangle
                0x0000000008006668       0xcc ./Src/Display_GUI/GUI_Paint.o
                0x0000000008006668                Paint_DrawRectangle
 .text.Paint_DrawCircle
                0x0000000008006734      0x270 ./Src/Display_GUI/GUI_Paint.o
                0x0000000008006734                Paint_DrawCircle
 .text.Paint_DrawChar
                0x00000000080069a4       0xc0 ./Src/Display_GUI/GUI_Paint.o
                0x00000000080069a4                Paint_DrawChar
 .text.Paint_DrawString_EN
                0x0000000008006a64       0x88 ./Src/Display_GUI/GUI_Paint.o
                0x0000000008006a64                Paint_DrawString_EN
 .text.Paint_DrawNum
                0x0000000008006aec       0xb4 ./Src/Display_GUI/GUI_Paint.o
                0x0000000008006aec                Paint_DrawNum
 .text.GetPageState
                0x0000000008006ba0       0x4c ./Src/EEPROM_Emul/eeprom_emul.o
 .text.SetPageState
                0x0000000008006bec       0x70 ./Src/EEPROM_Emul/eeprom_emul.o
 .text.EE_Format
                0x0000000008006c5c       0xf8 ./Src/EEPROM_Emul/eeprom_emul.o
                0x0000000008006c5c                EE_Format
 .text.EE_CleanUp
                0x0000000008006d54       0xb0 ./Src/EEPROM_Emul/eeprom_emul.o
                0x0000000008006d54                EE_CleanUp
 .text.FindPage
                0x0000000008006e04      0x134 ./Src/EEPROM_Emul/eeprom_emul.o
 .text.ConfigureCrc
                0x0000000008006f38       0x3c ./Src/EEPROM_Emul/eeprom_emul.o
                0x0000000008006f38                ConfigureCrc
 .text.CalculateCrc
                0x0000000008006f74       0x1c ./Src/EEPROM_Emul/eeprom_emul.o
                0x0000000008006f74                CalculateCrc
 .text.ReadVariable
                0x0000000008006f90       0xd4 ./Src/EEPROM_Emul/eeprom_emul.o
 .text.EE_ReadVariable16bits
                0x0000000008007064       0x28 ./Src/EEPROM_Emul/eeprom_emul.o
                0x0000000008007064                EE_ReadVariable16bits
 .text.VerifyPagesFullWriteVariable
                0x000000000800708c       0x94 ./Src/EEPROM_Emul/eeprom_emul.o
 .text.PagesTransfer
                0x0000000008007120      0x280 ./Src/EEPROM_Emul/eeprom_emul.o
 .text.EE_Init  0x00000000080073a0      0x508 ./Src/EEPROM_Emul/eeprom_emul.o
                0x00000000080073a0                EE_Init
 .text.WriteVariable
                0x00000000080078a8       0x1a ./Src/EEPROM_Emul/eeprom_emul.o
 *fill*         0x00000000080078c2        0x2 
 .text.EE_WriteVariable16bits
                0x00000000080078c4       0x1c ./Src/EEPROM_Emul/eeprom_emul.o
                0x00000000080078c4                EE_WriteVariable16bits
 .text.FI_WriteDoubleWord
                0x00000000080078e0        0xc ./Src/Flash_Interface/flash_interface.o
                0x00000000080078e0                FI_WriteDoubleWord
 .text.FI_PageErase
                0x00000000080078ec       0x20 ./Src/Flash_Interface/flash_interface.o
                0x00000000080078ec                FI_PageErase
 .text.FI_CacheFlush
                0x000000000800790c        0x2 ./Src/Flash_Interface/flash_interface.o
                0x000000000800790c                FI_CacheFlush
 .text.FI_CheckBankConfig
                0x000000000800790e        0x4 ./Src/Flash_Interface/flash_interface.o
                0x000000000800790e                FI_CheckBankConfig
 *fill*         0x0000000008007912        0x2 
 .text.HAL_GPIO_EXTI_Falling_Callback
                0x0000000008007914      0x690 ./Src/buttons.o
                0x0000000008007914                HAL_GPIO_EXTI_Falling_Callback
 .text.interfaceSelectLayout
                0x0000000008007fa4      0x700 ./Src/interface.o
                0x0000000008007fa4                interfaceSelectLayout
 .text.interfaceSelectColorScheme
                0x00000000080086a4       0x2c ./Src/interface.o
                0x00000000080086a4                interfaceSelectColorScheme
 .text.interfaceInit
                0x00000000080086d0      0x14c ./Src/interface.o
                0x00000000080086d0                interfaceInit
 .text.interfaceUpdate
                0x000000000800881c       0x34 ./Src/interface.o
                0x000000000800881c                interfaceUpdate
 .text.interfaceWrite
                0x0000000008008850       0x2c ./Src/interface.o
                0x0000000008008850                interfaceWrite
 .text.interfaceClear
                0x000000000800887c       0x10 ./Src/interface.o
                0x000000000800887c                interfaceClear
 .text.interfaceDrawLayer
                0x000000000800888c     0x18c8 ./Src/interface.o
                0x000000000800888c                interfaceDrawLayer
 .text.interfaceDrawBatteryWarning
                0x000000000800a154       0x34 ./Src/interface.o
                0x000000000800a154                interfaceDrawBatteryWarning
 .text.SystemClock_Config
                0x000000000800a188       0x7c ./Src/main.o
                0x000000000800a188                SystemClock_Config
 .text.onSleep  0x000000000800a204       0x20 ./Src/main.o
                0x000000000800a204                onSleep
 .text.onWakeUp
                0x000000000800a224       0x1c ./Src/main.o
                0x000000000800a224                onWakeUp
 .text.startup.main
                0x000000000800a240      0x5b4 ./Src/main.o
                0x000000000800a240                main
 .text.Error_Handler
                0x000000000800a7f4        0x2 ./Src/main.o
                0x000000000800a7f4                Error_Handler
 *fill*         0x000000000800a7f6        0x2 
 .text.rtcInit  0x000000000800a7f8       0x24 ./Src/rtc.o
                0x000000000800a7f8                rtcInit
 .text.rtcGetTime
                0x000000000800a81c      0x270 ./Src/rtc.o
                0x000000000800a81c                rtcGetTime
 .text.rtcSetTime
                0x000000000800aa8c       0x48 ./Src/rtc.o
                0x000000000800aa8c                rtcSetTime
 .text.rtcResetChrono
                0x000000000800aad4       0x20 ./Src/rtc.o
                0x000000000800aad4                rtcResetChrono
 .text.float2Text
                0x000000000800aaf4       0x3c ./Src/sensing.o
                0x000000000800aaf4                float2Text
 .text.BME280_compensate_T_int32
                0x000000000800ab30       0x48 ./Src/sensing.o
                0x000000000800ab30                BME280_compensate_T_int32
 .text.BME280_compensate_P_int64
                0x000000000800ab78      0x180 ./Src/sensing.o
                0x000000000800ab78                BME280_compensate_P_int64
 .text.BME280_compensate_H_int32
                0x000000000800acf8       0x9c ./Src/sensing.o
                0x000000000800acf8                BME280_compensate_H_int32
 .text.findMax  0x000000000800ad94       0x28 ./Src/sensing.o
                0x000000000800ad94                findMax
 .text.findMin  0x000000000800adbc       0x28 ./Src/sensing.o
                0x000000000800adbc                findMin
 .text.sensingRead
                0x000000000800ade4      0x6b8 ./Src/sensing.o
                0x000000000800ade4                sensingRead
 .text.sensingInit
                0x000000000800b49c      0x19c ./Src/sensing.o
                0x000000000800b49c                sensingInit
 .text.settingsDrawData
                0x000000000800b638      0x384 ./Src/settings.o
                0x000000000800b638                settingsDrawData
 .text.settingsDrawSubs
                0x000000000800b9bc       0x98 ./Src/settings.o
                0x000000000800b9bc                settingsDrawSubs
 .text.settingsDrawPointer
                0x000000000800ba54       0x94 ./Src/settings.o
                0x000000000800ba54                settingsDrawPointer
 .text.HAL_MspInit
                0x000000000800bae8       0x34 ./Src/stm32g0xx_hal_msp.o
                0x000000000800bae8                HAL_MspInit
 .text.HAL_ADC_MspInit
                0x000000000800bb1c       0xc0 ./Src/stm32g0xx_hal_msp.o
                0x000000000800bb1c                HAL_ADC_MspInit
 .text.HAL_I2C_MspInit
                0x000000000800bbdc       0x90 ./Src/stm32g0xx_hal_msp.o
                0x000000000800bbdc                HAL_I2C_MspInit
 .text.HAL_RTC_MspInit
                0x000000000800bc6c       0x6c ./Src/stm32g0xx_hal_msp.o
                0x000000000800bc6c                HAL_RTC_MspInit
 .text.HAL_SPI_MspInit
                0x000000000800bcd8       0x88 ./Src/stm32g0xx_hal_msp.o
                0x000000000800bcd8                HAL_SPI_MspInit
 .text.HAL_TIM_Base_MspInit
                0x000000000800bd60       0x38 ./Src/stm32g0xx_hal_msp.o
                0x000000000800bd60                HAL_TIM_Base_MspInit
 .text.NMI_Handler
                0x000000000800bd98        0x2 ./Src/stm32g0xx_it.o
                0x000000000800bd98                NMI_Handler
 .text.HardFault_Handler
                0x000000000800bd9a        0x2 ./Src/stm32g0xx_it.o
                0x000000000800bd9a                HardFault_Handler
 .text.SVC_Handler
                0x000000000800bd9c        0x2 ./Src/stm32g0xx_it.o
                0x000000000800bd9c                SVC_Handler
 .text.PendSV_Handler
                0x000000000800bd9e        0x2 ./Src/stm32g0xx_it.o
                0x000000000800bd9e                PendSV_Handler
 .text.SysTick_Handler
                0x000000000800bda0        0x8 ./Src/stm32g0xx_it.o
                0x000000000800bda0                SysTick_Handler
 .text.RTC_TAMP_IRQHandler
                0x000000000800bda8       0x10 ./Src/stm32g0xx_it.o
                0x000000000800bda8                RTC_TAMP_IRQHandler
 .text.EXTI2_3_IRQHandler
                0x000000000800bdb8       0x10 ./Src/stm32g0xx_it.o
                0x000000000800bdb8                EXTI2_3_IRQHandler
 .text.EXTI4_15_IRQHandler
                0x000000000800bdc8        0xa ./Src/stm32g0xx_it.o
                0x000000000800bdc8                EXTI4_15_IRQHandler
 *fill*         0x000000000800bdd2        0x2 
 .text.DMA1_Channel1_IRQHandler
                0x000000000800bdd4       0x10 ./Src/stm32g0xx_it.o
                0x000000000800bdd4                DMA1_Channel1_IRQHandler
 .text.TIM3_IRQHandler
                0x000000000800bde4       0x10 ./Src/stm32g0xx_it.o
                0x000000000800bde4                TIM3_IRQHandler
 .text._read    0x000000000800bdf4       0x1a ./Src/syscalls.o
                0x000000000800bdf4                _read
 .text._write   0x000000000800be0e       0x1a ./Src/syscalls.o
                0x000000000800be0e                _write
 .text._close   0x000000000800be28        0x6 ./Src/syscalls.o
                0x000000000800be28                _close
 .text._fstat   0x000000000800be2e        0xa ./Src/syscalls.o
                0x000000000800be2e                _fstat
 .text._isatty  0x000000000800be38        0x4 ./Src/syscalls.o
                0x000000000800be38                _isatty
 .text._lseek   0x000000000800be3c        0x4 ./Src/syscalls.o
                0x000000000800be3c                _lseek
 .text._sbrk    0x000000000800be40       0x40 ./Src/sysmem.o
                0x000000000800be40                _sbrk
 .text.SystemInit
                0x000000000800be80       0x10 ./Src/system_stm32g0xx.o
                0x000000000800be80                SystemInit
 .text.timersInit
                0x000000000800be90       0x30 ./Src/timers.o
                0x000000000800be90                timersInit
 .text.HAL_TIM_PeriodElapsedCallback
                0x000000000800bec0       0x78 ./Src/timers.o
                0x000000000800bec0                HAL_TIM_PeriodElapsedCallback
 .text.Reset_Handler
                0x000000000800bf38       0x50 ./Startup/startup_stm32g070kbtx.o
                0x000000000800bf38                Reset_Handler
 .text.Default_Handler
                0x000000000800bf88        0x2 ./Startup/startup_stm32g070kbtx.o
                0x000000000800bf88                TIM1_CC_IRQHandler
                0x000000000800bf88                TIM6_IRQHandler
                0x000000000800bf88                I2C1_IRQHandler
                0x000000000800bf88                SPI1_IRQHandler
                0x000000000800bf88                USART3_4_IRQHandler
                0x000000000800bf88                ADC1_IRQHandler
                0x000000000800bf88                I2C2_IRQHandler
                0x000000000800bf88                TIM17_IRQHandler
                0x000000000800bf88                TIM16_IRQHandler
                0x000000000800bf88                RCC_IRQHandler
                0x000000000800bf88                Default_Handler
                0x000000000800bf88                TIM14_IRQHandler
                0x000000000800bf88                TIM7_IRQHandler
                0x000000000800bf88                TIM15_IRQHandler
                0x000000000800bf88                EXTI0_1_IRQHandler
                0x000000000800bf88                SPI2_IRQHandler
                0x000000000800bf88                WWDG_IRQHandler
                0x000000000800bf88                DMA1_Ch4_7_DMAMUX1_OVR_IRQHandler
                0x000000000800bf88                DMA1_Channel2_3_IRQHandler
                0x000000000800bf88                USART2_IRQHandler
                0x000000000800bf88                FLASH_IRQHandler
                0x000000000800bf88                USART1_IRQHandler
                0x000000000800bf88                TIM1_BRK_UP_TRG_COM_IRQHandler
 *fill*         0x000000000800bf8a        0x2 
 .text.__errno  0x000000000800bf8c        0xc /opt/st/stm32cubeide_1.8.0/plugins/com.st.stm32cube.ide.mcu.externaltools.gnu-tools-for-stm32.9-2020-q2-update.linux64_2.0.0.202105311346/tools/bin/../lib/gcc/arm-none-eabi/9.3.1/../../../../arm-none-eabi/lib/thumb/v6-m/nofp/libc_nano.a(lib_a-errno.o)
                0x000000000800bf8c                __errno
 .text.__libc_init_array
                0x000000000800bf98       0x48 /opt/st/stm32cubeide_1.8.0/plugins/com.st.stm32cube.ide.mcu.externaltools.gnu-tools-for-stm32.9-2020-q2-update.linux64_2.0.0.202105311346/tools/bin/../lib/gcc/arm-none-eabi/9.3.1/../../../../arm-none-eabi/lib/thumb/v6-m/nofp/libc_nano.a(lib_a-init.o)
                0x000000000800bf98                __libc_init_array
 .text.malloc   0x000000000800bfe0       0x14 /opt/st/stm32cubeide_1.8.0/plugins/com.st.stm32cube.ide.mcu.externaltools.gnu-tools-for-stm32.9-2020-q2-update.linux64_2.0.0.202105311346/tools/bin/../lib/gcc/arm-none-eabi/9.3.1/../../../../arm-none-eabi/lib/thumb/v6-m/nofp/libc_nano.a(lib_a-malloc.o)
                0x000000000800bfe0                malloc
 .text.memcpy   0x000000000800bff4       0x12 /opt/st/stm32cubeide_1.8.0/plugins/com.st.stm32cube.ide.mcu.externaltools.gnu-tools-for-stm32.9-2020-q2-update.linux64_2.0.0.202105311346/tools/bin/../lib/gcc/arm-none-eabi/9.3.1/../../../../arm-none-eabi/lib/thumb/v6-m/nofp/libc_nano.a(lib_a-memcpy-stub.o)
                0x000000000800bff4                memcpy
 .text.memset   0x000000000800c006       0x10 /opt/st/stm32cubeide_1.8.0/plugins/com.st.stm32cube.ide.mcu.externaltools.gnu-tools-for-stm32.9-2020-q2-update.linux64_2.0.0.202105311346/tools/bin/../lib/gcc/arm-none-eabi/9.3.1/../../../../arm-none-eabi/lib/thumb/v6-m/nofp/libc_nano.a(lib_a-memset.o)
                0x000000000800c006                memset
 *fill*         0x000000000800c016        0x2 
 .text._free_r  0x000000000800c018       0x94 /opt/st/stm32cubeide_1.8.0/plugins/com.st.stm32cube.ide.mcu.externaltools.gnu-tools-for-stm32.9-2020-q2-update.linux64_2.0.0.202105311346/tools/bin/../lib/gcc/arm-none-eabi/9.3.1/../../../../arm-none-eabi/lib/thumb/v6-m/nofp/libc_nano.a(lib_a-nano-freer.o)
                0x000000000800c018                _free_r
 .text._malloc_r
                0x000000000800c0ac       0xbc /opt/st/stm32cubeide_1.8.0/plugins/com.st.stm32cube.ide.mcu.externaltools.gnu-tools-for-stm32.9-2020-q2-update.linux64_2.0.0.202105311346/tools/bin/../lib/gcc/arm-none-eabi/9.3.1/../../../../arm-none-eabi/lib/thumb/v6-m/nofp/libc_nano.a(lib_a-nano-mallocr.o)
                0x000000000800c0ac                _malloc_r
 .text.printf   0x000000000800c168       0x34 /opt/st/stm32cubeide_1.8.0/plugins/com.st.stm32cube.ide.mcu.externaltools.gnu-tools-for-stm32.9-2020-q2-update.linux64_2.0.0.202105311346/tools/bin/../lib/gcc/arm-none-eabi/9.3.1/../../../../arm-none-eabi/lib/thumb/v6-m/nofp/libc_nano.a(lib_a-printf.o)
                0x000000000800c168                printf
                0x000000000800c168                iprintf
 .text._puts_r  0x000000000800c19c       0xe4 /opt/st/stm32cubeide_1.8.0/plugins/com.st.stm32cube.ide.mcu.externaltools.gnu-tools-for-stm32.9-2020-q2-update.linux64_2.0.0.202105311346/tools/bin/../lib/gcc/arm-none-eabi/9.3.1/../../../../arm-none-eabi/lib/thumb/v6-m/nofp/libc_nano.a(lib_a-puts.o)
                0x000000000800c19c                _puts_r
 .text.puts     0x000000000800c280       0x14 /opt/st/stm32cubeide_1.8.0/plugins/com.st.stm32cube.ide.mcu.externaltools.gnu-tools-for-stm32.9-2020-q2-update.linux64_2.0.0.202105311346/tools/bin/../lib/gcc/arm-none-eabi/9.3.1/../../../../arm-none-eabi/lib/thumb/v6-m/nofp/libc_nano.a(lib_a-puts.o)
                0x000000000800c280                puts
 .text._sbrk_r  0x000000000800c294       0x24 /opt/st/stm32cubeide_1.8.0/plugins/com.st.stm32cube.ide.mcu.externaltools.gnu-tools-for-stm32.9-2020-q2-update.linux64_2.0.0.202105311346/tools/bin/../lib/gcc/arm-none-eabi/9.3.1/../../../../arm-none-eabi/lib/thumb/v6-m/nofp/libc_nano.a(lib_a-sbrkr.o)
                0x000000000800c294                _sbrk_r
 .text.sprintf  0x000000000800c2b8       0x40 /opt/st/stm32cubeide_1.8.0/plugins/com.st.stm32cube.ide.mcu.externaltools.gnu-tools-for-stm32.9-2020-q2-update.linux64_2.0.0.202105311346/tools/bin/../lib/gcc/arm-none-eabi/9.3.1/../../../../arm-none-eabi/lib/thumb/v6-m/nofp/libc_nano.a(lib_a-sprintf.o)
                0x000000000800c2b8                sprintf
                0x000000000800c2b8                siprintf
 .text.strcpy   0x000000000800c2f8       0x10 /opt/st/stm32cubeide_1.8.0/plugins/com.st.stm32cube.ide.mcu.externaltools.gnu-tools-for-stm32.9-2020-q2-update.linux64_2.0.0.202105311346/tools/bin/../lib/gcc/arm-none-eabi/9.3.1/../../../../arm-none-eabi/lib/thumb/v6-m/nofp/libc_nano.a(lib_a-strcpy.o)
                0x000000000800c2f8                strcpy
 .text.__swbuf_r
                0x000000000800c308       0xac /opt/st/stm32cubeide_1.8.0/plugins/com.st.stm32cube.ide.mcu.externaltools.gnu-tools-for-stm32.9-2020-q2-update.linux64_2.0.0.202105311346/tools/bin/../lib/gcc/arm-none-eabi/9.3.1/../../../../arm-none-eabi/lib/thumb/v6-m/nofp/libc_nano.a(lib_a-wbuf.o)
                0x000000000800c308                __swbuf_r
 .text.__swsetup_r
                0x000000000800c3b4       0xf0 /opt/st/stm32cubeide_1.8.0/plugins/com.st.stm32cube.ide.mcu.externaltools.gnu-tools-for-stm32.9-2020-q2-update.linux64_2.0.0.202105311346/tools/bin/../lib/gcc/arm-none-eabi/9.3.1/../../../../arm-none-eabi/lib/thumb/v6-m/nofp/libc_nano.a(lib_a-wsetup.o)
                0x000000000800c3b4                __swsetup_r
 .text.__sflush_r
                0x000000000800c4a4      0x118 /opt/st/stm32cubeide_1.8.0/plugins/com.st.stm32cube.ide.mcu.externaltools.gnu-tools-for-stm32.9-2020-q2-update.linux64_2.0.0.202105311346/tools/bin/../lib/gcc/arm-none-eabi/9.3.1/../../../../arm-none-eabi/lib/thumb/v6-m/nofp/libc_nano.a(lib_a-fflush.o)
                0x000000000800c4a4                __sflush_r
 .text._fflush_r
                0x000000000800c5bc       0x80 /opt/st/stm32cubeide_1.8.0/plugins/com.st.stm32cube.ide.mcu.externaltools.gnu-tools-for-stm32.9-2020-q2-update.linux64_2.0.0.202105311346/tools/bin/../lib/gcc/arm-none-eabi/9.3.1/../../../../arm-none-eabi/lib/thumb/v6-m/nofp/libc_nano.a(lib_a-fflush.o)
                0x000000000800c5bc                _fflush_r
 .text.std      0x000000000800c63c       0x48 /opt/st/stm32cubeide_1.8.0/plugins/com.st.stm32cube.ide.mcu.externaltools.gnu-tools-for-stm32.9-2020-q2-update.linux64_2.0.0.202105311346/tools/bin/../lib/gcc/arm-none-eabi/9.3.1/../../../../arm-none-eabi/lib/thumb/v6-m/nofp/libc_nano.a(lib_a-findfp.o)
 .text._cleanup_r
                0x000000000800c684       0x10 /opt/st/stm32cubeide_1.8.0/plugins/com.st.stm32cube.ide.mcu.externaltools.gnu-tools-for-stm32.9-2020-q2-update.linux64_2.0.0.202105311346/tools/bin/../lib/gcc/arm-none-eabi/9.3.1/../../../../arm-none-eabi/lib/thumb/v6-m/nofp/libc_nano.a(lib_a-findfp.o)
                0x000000000800c684                _cleanup_r
 .text.__sfmoreglue
                0x000000000800c694       0x2c /opt/st/stm32cubeide_1.8.0/plugins/com.st.stm32cube.ide.mcu.externaltools.gnu-tools-for-stm32.9-2020-q2-update.linux64_2.0.0.202105311346/tools/bin/../lib/gcc/arm-none-eabi/9.3.1/../../../../arm-none-eabi/lib/thumb/v6-m/nofp/libc_nano.a(lib_a-findfp.o)
                0x000000000800c694                __sfmoreglue
 .text.__sfp_lock_acquire
                0x000000000800c6c0       0x10 /opt/st/stm32cubeide_1.8.0/plugins/com.st.stm32cube.ide.mcu.externaltools.gnu-tools-for-stm32.9-2020-q2-update.linux64_2.0.0.202105311346/tools/bin/../lib/gcc/arm-none-eabi/9.3.1/../../../../arm-none-eabi/lib/thumb/v6-m/nofp/libc_nano.a(lib_a-findfp.o)
                0x000000000800c6c0                __sfp_lock_acquire
 .text.__sfp_lock_release
                0x000000000800c6d0       0x10 /opt/st/stm32cubeide_1.8.0/plugins/com.st.stm32cube.ide.mcu.externaltools.gnu-tools-for-stm32.9-2020-q2-update.linux64_2.0.0.202105311346/tools/bin/../lib/gcc/arm-none-eabi/9.3.1/../../../../arm-none-eabi/lib/thumb/v6-m/nofp/libc_nano.a(lib_a-findfp.o)
                0x000000000800c6d0                __sfp_lock_release
 .text.__sinit_lock_acquire
                0x000000000800c6e0       0x10 /opt/st/stm32cubeide_1.8.0/plugins/com.st.stm32cube.ide.mcu.externaltools.gnu-tools-for-stm32.9-2020-q2-update.linux64_2.0.0.202105311346/tools/bin/../lib/gcc/arm-none-eabi/9.3.1/../../../../arm-none-eabi/lib/thumb/v6-m/nofp/libc_nano.a(lib_a-findfp.o)
                0x000000000800c6e0                __sinit_lock_acquire
 .text.__sinit_lock_release
                0x000000000800c6f0       0x10 /opt/st/stm32cubeide_1.8.0/plugins/com.st.stm32cube.ide.mcu.externaltools.gnu-tools-for-stm32.9-2020-q2-update.linux64_2.0.0.202105311346/tools/bin/../lib/gcc/arm-none-eabi/9.3.1/../../../../arm-none-eabi/lib/thumb/v6-m/nofp/libc_nano.a(lib_a-findfp.o)
                0x000000000800c6f0                __sinit_lock_release
 .text.__sinit  0x000000000800c700       0x70 /opt/st/stm32cubeide_1.8.0/plugins/com.st.stm32cube.ide.mcu.externaltools.gnu-tools-for-stm32.9-2020-q2-update.linux64_2.0.0.202105311346/tools/bin/../lib/gcc/arm-none-eabi/9.3.1/../../../../arm-none-eabi/lib/thumb/v6-m/nofp/libc_nano.a(lib_a-findfp.o)
                0x000000000800c700                __sinit
 .text.__sfp    0x000000000800c770       0x90 /opt/st/stm32cubeide_1.8.0/plugins/com.st.stm32cube.ide.mcu.externaltools.gnu-tools-for-stm32.9-2020-q2-update.linux64_2.0.0.202105311346/tools/bin/../lib/gcc/arm-none-eabi/9.3.1/../../../../arm-none-eabi/lib/thumb/v6-m/nofp/libc_nano.a(lib_a-findfp.o)
                0x000000000800c770                __sfp
 .text._fwalk_reent
                0x000000000800c800       0x40 /opt/st/stm32cubeide_1.8.0/plugins/com.st.stm32cube.ide.mcu.externaltools.gnu-tools-for-stm32.9-2020-q2-update.linux64_2.0.0.202105311346/tools/bin/../lib/gcc/arm-none-eabi/9.3.1/../../../../arm-none-eabi/lib/thumb/v6-m/nofp/libc_nano.a(lib_a-fwalk.o)
                0x000000000800c800                _fwalk_reent
 .text.__retarget_lock_init_recursive
                0x000000000800c840        0x2 /opt/st/stm32cubeide_1.8.0/plugins/com.st.stm32cube.ide.mcu.externaltools.gnu-tools-for-stm32.9-2020-q2-update.linux64_2.0.0.202105311346/tools/bin/../lib/gcc/arm-none-eabi/9.3.1/../../../../arm-none-eabi/lib/thumb/v6-m/nofp/libc_nano.a(lib_a-lock.o)
                0x000000000800c840                __retarget_lock_init_recursive
 .text.__retarget_lock_acquire_recursive
                0x000000000800c842        0x2 /opt/st/stm32cubeide_1.8.0/plugins/com.st.stm32cube.ide.mcu.externaltools.gnu-tools-for-stm32.9-2020-q2-update.linux64_2.0.0.202105311346/tools/bin/../lib/gcc/arm-none-eabi/9.3.1/../../../../arm-none-eabi/lib/thumb/v6-m/nofp/libc_nano.a(lib_a-lock.o)
                0x000000000800c842                __retarget_lock_acquire_recursive
 .text.__retarget_lock_release_recursive
                0x000000000800c844        0x2 /opt/st/stm32cubeide_1.8.0/plugins/com.st.stm32cube.ide.mcu.externaltools.gnu-tools-for-stm32.9-2020-q2-update.linux64_2.0.0.202105311346/tools/bin/../lib/gcc/arm-none-eabi/9.3.1/../../../../arm-none-eabi/lib/thumb/v6-m/nofp/libc_nano.a(lib_a-lock.o)
                0x000000000800c844                __retarget_lock_release_recursive
 *fill*         0x000000000800c846        0x2 
 .text.__swhatbuf_r
                0x000000000800c848       0x50 /opt/st/stm32cubeide_1.8.0/plugins/com.st.stm32cube.ide.mcu.externaltools.gnu-tools-for-stm32.9-2020-q2-update.linux64_2.0.0.202105311346/tools/bin/../lib/gcc/arm-none-eabi/9.3.1/../../../../arm-none-eabi/lib/thumb/v6-m/nofp/libc_nano.a(lib_a-makebuf.o)
                0x000000000800c848                __swhatbuf_r
 .text.__smakebuf_r
                0x000000000800c898       0x88 /opt/st/stm32cubeide_1.8.0/plugins/com.st.stm32cube.ide.mcu.externaltools.gnu-tools-for-stm32.9-2020-q2-update.linux64_2.0.0.202105311346/tools/bin/../lib/gcc/arm-none-eabi/9.3.1/../../../../arm-none-eabi/lib/thumb/v6-m/nofp/libc_nano.a(lib_a-makebuf.o)
                0x000000000800c898                __smakebuf_r
 .text.__malloc_lock
                0x000000000800c920       0x10 /opt/st/stm32cubeide_1.8.0/plugins/com.st.stm32cube.ide.mcu.externaltools.gnu-tools-for-stm32.9-2020-q2-update.linux64_2.0.0.202105311346/tools/bin/../lib/gcc/arm-none-eabi/9.3.1/../../../../arm-none-eabi/lib/thumb/v6-m/nofp/libc_nano.a(lib_a-mlock.o)
                0x000000000800c920                __malloc_lock
 .text.__malloc_unlock
                0x000000000800c930       0x10 /opt/st/stm32cubeide_1.8.0/plugins/com.st.stm32cube.ide.mcu.externaltools.gnu-tools-for-stm32.9-2020-q2-update.linux64_2.0.0.202105311346/tools/bin/../lib/gcc/arm-none-eabi/9.3.1/../../../../arm-none-eabi/lib/thumb/v6-m/nofp/libc_nano.a(lib_a-mlock.o)
                0x000000000800c930                __malloc_unlock
 .text.__ssputs_r
                0x000000000800c940       0xc4 /opt/st/stm32cubeide_1.8.0/plugins/com.st.stm32cube.ide.mcu.externaltools.gnu-tools-for-stm32.9-2020-q2-update.linux64_2.0.0.202105311346/tools/bin/../lib/gcc/arm-none-eabi/9.3.1/../../../../arm-none-eabi/lib/thumb/v6-m/nofp/libc_nano.a(lib_a-nano-svfprintf.o)
                0x000000000800c940                __ssputs_r
 .text._svfprintf_r
                0x000000000800ca04      0x200 /opt/st/stm32cubeide_1.8.0/plugins/com.st.stm32cube.ide.mcu.externaltools.gnu-tools-for-stm32.9-2020-q2-update.linux64_2.0.0.202105311346/tools/bin/../lib/gcc/arm-none-eabi/9.3.1/../../../../arm-none-eabi/lib/thumb/v6-m/nofp/libc_nano.a(lib_a-nano-svfprintf.o)
                0x000000000800ca04                _svfprintf_r
                0x000000000800ca04                _svfiprintf_r
 .text.__sfputc_r
                0x000000000800cc04       0x2a /opt/st/stm32cubeide_1.8.0/plugins/com.st.stm32cube.ide.mcu.externaltools.gnu-tools-for-stm32.9-2020-q2-update.linux64_2.0.0.202105311346/tools/bin/../lib/gcc/arm-none-eabi/9.3.1/../../../../arm-none-eabi/lib/thumb/v6-m/nofp/libc_nano.a(lib_a-nano-vfprintf.o)
 .text.__sfputs_r
                0x000000000800cc2e       0x24 /opt/st/stm32cubeide_1.8.0/plugins/com.st.stm32cube.ide.mcu.externaltools.gnu-tools-for-stm32.9-2020-q2-update.linux64_2.0.0.202105311346/tools/bin/../lib/gcc/arm-none-eabi/9.3.1/../../../../arm-none-eabi/lib/thumb/v6-m/nofp/libc_nano.a(lib_a-nano-vfprintf.o)
                0x000000000800cc2e                __sfputs_r
 *fill*         0x000000000800cc52        0x2 
 .text._vfprintf_r
                0x000000000800cc54      0x274 /opt/st/stm32cubeide_1.8.0/plugins/com.st.stm32cube.ide.mcu.externaltools.gnu-tools-for-stm32.9-2020-q2-update.linux64_2.0.0.202105311346/tools/bin/../lib/gcc/arm-none-eabi/9.3.1/../../../../arm-none-eabi/lib/thumb/v6-m/nofp/libc_nano.a(lib_a-nano-vfprintf.o)
                0x000000000800cc54                _vfiprintf_r
                0x000000000800cc54                _vfprintf_r
 .text._printf_common
                0x000000000800cec8       0xde /opt/st/stm32cubeide_1.8.0/plugins/com.st.stm32cube.ide.mcu.externaltools.gnu-tools-for-stm32.9-2020-q2-update.linux64_2.0.0.202105311346/tools/bin/../lib/gcc/arm-none-eabi/9.3.1/../../../../arm-none-eabi/lib/thumb/v6-m/nofp/libc_nano.a(lib_a-nano-vfprintf_i.o)
                0x000000000800cec8                _printf_common
 *fill*         0x000000000800cfa6        0x2 
 .text._printf_i
                0x000000000800cfa8      0x224 /opt/st/stm32cubeide_1.8.0/plugins/com.st.stm32cube.ide.mcu.externaltools.gnu-tools-for-stm32.9-2020-q2-update.linux64_2.0.0.202105311346/tools/bin/../lib/gcc/arm-none-eabi/9.3.1/../../../../arm-none-eabi/lib/thumb/v6-m/nofp/libc_nano.a(lib_a-nano-vfprintf_i.o)
                0x000000000800cfa8                _printf_i
 .text.__sread  0x000000000800d1cc       0x28 /opt/st/stm32cubeide_1.8.0/plugins/com.st.stm32cube.ide.mcu.externaltools.gnu-tools-for-stm32.9-2020-q2-update.linux64_2.0.0.202105311346/tools/bin/../lib/gcc/arm-none-eabi/9.3.1/../../../../arm-none-eabi/lib/thumb/v6-m/nofp/libc_nano.a(lib_a-stdio.o)
                0x000000000800d1cc                __sread
 .text.__swrite
                0x000000000800d1f4       0x38 /opt/st/stm32cubeide_1.8.0/plugins/com.st.stm32cube.ide.mcu.externaltools.gnu-tools-for-stm32.9-2020-q2-update.linux64_2.0.0.202105311346/tools/bin/../lib/gcc/arm-none-eabi/9.3.1/../../../../arm-none-eabi/lib/thumb/v6-m/nofp/libc_nano.a(lib_a-stdio.o)
                0x000000000800d1f4                __swrite
 .text.__sseek  0x000000000800d22c       0x2c /opt/st/stm32cubeide_1.8.0/plugins/com.st.stm32cube.ide.mcu.externaltools.gnu-tools-for-stm32.9-2020-q2-update.linux64_2.0.0.202105311346/tools/bin/../lib/gcc/arm-none-eabi/9.3.1/../../../../arm-none-eabi/lib/thumb/v6-m/nofp/libc_nano.a(lib_a-stdio.o)
                0x000000000800d22c                __sseek
 .text.__sclose
                0x000000000800d258        0xc /opt/st/stm32cubeide_1.8.0/plugins/com.st.stm32cube.ide.mcu.externaltools.gnu-tools-for-stm32.9-2020-q2-update.linux64_2.0.0.202105311346/tools/bin/../lib/gcc/arm-none-eabi/9.3.1/../../../../arm-none-eabi/lib/thumb/v6-m/nofp/libc_nano.a(lib_a-stdio.o)
                0x000000000800d258                __sclose
 .text._write_r
                0x000000000800d264       0x28 /opt/st/stm32cubeide_1.8.0/plugins/com.st.stm32cube.ide.mcu.externaltools.gnu-tools-for-stm32.9-2020-q2-update.linux64_2.0.0.202105311346/tools/bin/../lib/gcc/arm-none-eabi/9.3.1/../../../../arm-none-eabi/lib/thumb/v6-m/nofp/libc_nano.a(lib_a-writer.o)
                0x000000000800d264                _write_r
 .text._close_r
                0x000000000800d28c       0x24 /opt/st/stm32cubeide_1.8.0/plugins/com.st.stm32cube.ide.mcu.externaltools.gnu-tools-for-stm32.9-2020-q2-update.linux64_2.0.0.202105311346/tools/bin/../lib/gcc/arm-none-eabi/9.3.1/../../../../arm-none-eabi/lib/thumb/v6-m/nofp/libc_nano.a(lib_a-closer.o)
                0x000000000800d28c                _close_r
 .text._fstat_r
                0x000000000800d2b0       0x24 /opt/st/stm32cubeide_1.8.0/plugins/com.st.stm32cube.ide.mcu.externaltools.gnu-tools-for-stm32.9-2020-q2-update.linux64_2.0.0.202105311346/tools/bin/../lib/gcc/arm-none-eabi/9.3.1/../../../../arm-none-eabi/lib/thumb/v6-m/nofp/libc_nano.a(lib_a-fstatr.o)
                0x000000000800d2b0                _fstat_r
 .text._isatty_r
                0x000000000800d2d4       0x24 /opt/st/stm32cubeide_1.8.0/plugins/com.st.stm32cube.ide.mcu.externaltools.gnu-tools-for-stm32.9-2020-q2-update.linux64_2.0.0.202105311346/tools/bin/../lib/gcc/arm-none-eabi/9.3.1/../../../../arm-none-eabi/lib/thumb/v6-m/nofp/libc_nano.a(lib_a-isattyr.o)
                0x000000000800d2d4                _isatty_r
 .text._lseek_r
                0x000000000800d2f8       0x28 /opt/st/stm32cubeide_1.8.0/plugins/com.st.stm32cube.ide.mcu.externaltools.gnu-tools-for-stm32.9-2020-q2-update.linux64_2.0.0.202105311346/tools/bin/../lib/gcc/arm-none-eabi/9.3.1/../../../../arm-none-eabi/lib/thumb/v6-m/nofp/libc_nano.a(lib_a-lseekr.o)
                0x000000000800d2f8                _lseek_r
 .text.memchr   0x000000000800d320       0x16 /opt/st/stm32cubeide_1.8.0/plugins/com.st.stm32cube.ide.mcu.externaltools.gnu-tools-for-stm32.9-2020-q2-update.linux64_2.0.0.202105311346/tools/bin/../lib/gcc/arm-none-eabi/9.3.1/../../../../arm-none-eabi/lib/thumb/v6-m/nofp/libc_nano.a(lib_a-memchr-stub.o)
                0x000000000800d320                memchr
 .text.memmove  0x000000000800d336       0x26 /opt/st/stm32cubeide_1.8.0/plugins/com.st.stm32cube.ide.mcu.externaltools.gnu-tools-for-stm32.9-2020-q2-update.linux64_2.0.0.202105311346/tools/bin/../lib/gcc/arm-none-eabi/9.3.1/../../../../arm-none-eabi/lib/thumb/v6-m/nofp/libc_nano.a(lib_a-memmove.o)
                0x000000000800d336                memmove
 .text._realloc_r
                0x000000000800d35c       0x4c /opt/st/stm32cubeide_1.8.0/plugins/com.st.stm32cube.ide.mcu.externaltools.gnu-tools-for-stm32.9-2020-q2-update.linux64_2.0.0.202105311346/tools/bin/../lib/gcc/arm-none-eabi/9.3.1/../../../../arm-none-eabi/lib/thumb/v6-m/nofp/libc_nano.a(lib_a-nano-reallocr.o)
                0x000000000800d35c                _realloc_r
 .text._read_r  0x000000000800d3a8       0x28 /opt/st/stm32cubeide_1.8.0/plugins/com.st.stm32cube.ide.mcu.externaltools.gnu-tools-for-stm32.9-2020-q2-update.linux64_2.0.0.202105311346/tools/bin/../lib/gcc/arm-none-eabi/9.3.1/../../../../arm-none-eabi/lib/thumb/v6-m/nofp/libc_nano.a(lib_a-readr.o)
                0x000000000800d3a8                _read_r
 .text._malloc_usable_size_r
                0x000000000800d3d0       0x10 /opt/st/stm32cubeide_1.8.0/plugins/com.st.stm32cube.ide.mcu.externaltools.gnu-tools-for-stm32.9-2020-q2-update.linux64_2.0.0.202105311346/tools/bin/../lib/gcc/arm-none-eabi/9.3.1/../../../../arm-none-eabi/lib/thumb/v6-m/nofp/libc_nano.a(lib_a-nano-msizer.o)
                0x000000000800d3d0                _malloc_usable_size_r
 .text.cos      0x000000000800d3e0       0x84 /opt/st/stm32cubeide_1.8.0/plugins/com.st.stm32cube.ide.mcu.externaltools.gnu-tools-for-stm32.9-2020-q2-update.linux64_2.0.0.202105311346/tools/bin/../lib/gcc/arm-none-eabi/9.3.1/../../../../arm-none-eabi/lib/thumb/v6-m/nofp/libm.a(lib_a-s_cos.o)
                0x000000000800d3e0                cos
 .text.sin      0x000000000800d464       0x8c /opt/st/stm32cubeide_1.8.0/plugins/com.st.stm32cube.ide.mcu.externaltools.gnu-tools-for-stm32.9-2020-q2-update.linux64_2.0.0.202105311346/tools/bin/../lib/gcc/arm-none-eabi/9.3.1/../../../../arm-none-eabi/lib/thumb/v6-m/nofp/libm.a(lib_a-s_sin.o)
                0x000000000800d464                sin
 .text.atan2    0x000000000800d4f0        0x8 /opt/st/stm32cubeide_1.8.0/plugins/com.st.stm32cube.ide.mcu.externaltools.gnu-tools-for-stm32.9-2020-q2-update.linux64_2.0.0.202105311346/tools/bin/../lib/gcc/arm-none-eabi/9.3.1/../../../../arm-none-eabi/lib/thumb/v6-m/nofp/libm.a(lib_a-w_atan2.o)
                0x000000000800d4f0                atan2
 .text.log      0x000000000800d4f8       0x7c /opt/st/stm32cubeide_1.8.0/plugins/com.st.stm32cube.ide.mcu.externaltools.gnu-tools-for-stm32.9-2020-q2-update.linux64_2.0.0.202105311346/tools/bin/../lib/gcc/arm-none-eabi/9.3.1/../../../../arm-none-eabi/lib/thumb/v6-m/nofp/libm.a(lib_a-w_log.o)
                0x000000000800d4f8                log
 .text.__ieee754_atan2
                0x000000000800d574      0x158 /opt/st/stm32cubeide_1.8.0/plugins/com.st.stm32cube.ide.mcu.externaltools.gnu-tools-for-stm32.9-2020-q2-update.linux64_2.0.0.202105311346/tools/bin/../lib/gcc/arm-none-eabi/9.3.1/../../../../arm-none-eabi/lib/thumb/v6-m/nofp/libm.a(lib_a-e_atan2.o)
                0x000000000800d574                __ieee754_atan2
 .text.__ieee754_log
                0x000000000800d6cc      0x360 /opt/st/stm32cubeide_1.8.0/plugins/com.st.stm32cube.ide.mcu.externaltools.gnu-tools-for-stm32.9-2020-q2-update.linux64_2.0.0.202105311346/tools/bin/../lib/gcc/arm-none-eabi/9.3.1/../../../../arm-none-eabi/lib/thumb/v6-m/nofp/libm.a(lib_a-e_log.o)
                0x000000000800d6cc                __ieee754_log
 .text.__ieee754_rem_pio2
                0x000000000800da2c      0x3d8 /opt/st/stm32cubeide_1.8.0/plugins/com.st.stm32cube.ide.mcu.externaltools.gnu-tools-for-stm32.9-2020-q2-update.linux64_2.0.0.202105311346/tools/bin/../lib/gcc/arm-none-eabi/9.3.1/../../../../arm-none-eabi/lib/thumb/v6-m/nofp/libm.a(lib_a-e_rem_pio2.o)
                0x000000000800da2c                __ieee754_rem_pio2
 .text.__kernel_cos
                0x000000000800de04      0x180 /opt/st/stm32cubeide_1.8.0/plugins/com.st.stm32cube.ide.mcu.externaltools.gnu-tools-for-stm32.9-2020-q2-update.linux64_2.0.0.202105311346/tools/bin/../lib/gcc/arm-none-eabi/9.3.1/../../../../arm-none-eabi/lib/thumb/v6-m/nofp/libm.a(lib_a-k_cos.o)
                0x000000000800de04                __kernel_cos
 .text.__kernel_rem_pio2
                0x000000000800df84      0x6ec /opt/st/stm32cubeide_1.8.0/plugins/com.st.stm32cube.ide.mcu.externaltools.gnu-tools-for-stm32.9-2020-q2-update.linux64_2.0.0.202105311346/tools/bin/../lib/gcc/arm-none-eabi/9.3.1/../../../../arm-none-eabi/lib/thumb/v6-m/nofp/libm.a(lib_a-k_rem_pio2.o)
                0x000000000800df84                __kernel_rem_pio2
 .text.__kernel_sin
                0x000000000800e670      0x158 /opt/st/stm32cubeide_1.8.0/plugins/com.st.stm32cube.ide.mcu.externaltools.gnu-tools-for-stm32.9-2020-q2-update.linux64_2.0.0.202105311346/tools/bin/../lib/gcc/arm-none-eabi/9.3.1/../../../../arm-none-eabi/lib/thumb/v6-m/nofp/libm.a(lib_a-k_sin.o)
                0x000000000800e670                __kernel_sin
 .text.atan     0x000000000800e7c8      0x300 /opt/st/stm32cubeide_1.8.0/plugins/com.st.stm32cube.ide.mcu.externaltools.gnu-tools-for-stm32.9-2020-q2-update.linux64_2.0.0.202105311346/tools/bin/../lib/gcc/arm-none-eabi/9.3.1/../../../../arm-none-eabi/lib/thumb/v6-m/nofp/libm.a(lib_a-s_atan.o)
                0x000000000800e7c8                atan
 .text.fabs     0x000000000800eac8        0x6 /opt/st/stm32cubeide_1.8.0/plugins/com.st.stm32cube.ide.mcu.externaltools.gnu-tools-for-stm32.9-2020-q2-update.linux64_2.0.0.202105311346/tools/bin/../lib/gcc/arm-none-eabi/9.3.1/../../../../arm-none-eabi/lib/thumb/v6-m/nofp/libm.a(lib_a-s_fabs.o)
                0x000000000800eac8                fabs
 *fill*         0x000000000800eace        0x2 
 .text.floor    0x000000000800ead0      0x114 /opt/st/stm32cubeide_1.8.0/plugins/com.st.stm32cube.ide.mcu.externaltools.gnu-tools-for-stm32.9-2020-q2-update.linux64_2.0.0.202105311346/tools/bin/../lib/gcc/arm-none-eabi/9.3.1/../../../../arm-none-eabi/lib/thumb/v6-m/nofp/libm.a(lib_a-s_floor.o)
                0x000000000800ead0                floor
 .text.nan      0x000000000800ebe4        0xc /opt/st/stm32cubeide_1.8.0/plugins/com.st.stm32cube.ide.mcu.externaltools.gnu-tools-for-stm32.9-2020-q2-update.linux64_2.0.0.202105311346/tools/bin/../lib/gcc/arm-none-eabi/9.3.1/../../../../arm-none-eabi/lib/thumb/v6-m/nofp/libm.a(lib_a-s_nan.o)
                0x000000000800ebe4                nan
 .text.scalbn   0x000000000800ebf0       0xe8 /opt/st/stm32cubeide_1.8.0/plugins/com.st.stm32cube.ide.mcu.externaltools.gnu-tools-for-stm32.9-2020-q2-update.linux64_2.0.0.202105311346/tools/bin/../lib/gcc/arm-none-eabi/9.3.1/../../../../arm-none-eabi/lib/thumb/v6-m/nofp/libm.a(lib_a-s_scalbn.o)
                0x000000000800ebf0                scalbn
 *(.glue_7)
 .glue_7        0x000000000800ecd8        0x0 linker stubs
 *(.glue_7t)
 .glue_7t       0x000000000800ecd8        0x0 linker stubs
 *(.eh_frame)
 .eh_frame      0x000000000800ecd8        0x0 /opt/st/stm32cubeide_1.8.0/plugins/com.st.stm32cube.ide.mcu.externaltools.gnu-tools-for-stm32.9-2020-q2-update.linux64_2.0.0.202105311346/tools/bin/../lib/gcc/arm-none-eabi/9.3.1/thumb/v6-m/nofp/crtbegin.o
 *(.init)
 .init          0x000000000800ecd8        0x4 /opt/st/stm32cubeide_1.8.0/plugins/com.st.stm32cube.ide.mcu.externaltools.gnu-tools-for-stm32.9-2020-q2-update.linux64_2.0.0.202105311346/tools/bin/../lib/gcc/arm-none-eabi/9.3.1/thumb/v6-m/nofp/crti.o
                0x000000000800ecd8                _init
 .init          0x000000000800ecdc        0x8 /opt/st/stm32cubeide_1.8.0/plugins/com.st.stm32cube.ide.mcu.externaltools.gnu-tools-for-stm32.9-2020-q2-update.linux64_2.0.0.202105311346/tools/bin/../lib/gcc/arm-none-eabi/9.3.1/thumb/v6-m/nofp/crtn.o
 *(.fini)
 .fini          0x000000000800ece4        0x4 /opt/st/stm32cubeide_1.8.0/plugins/com.st.stm32cube.ide.mcu.externaltools.gnu-tools-for-stm32.9-2020-q2-update.linux64_2.0.0.202105311346/tools/bin/../lib/gcc/arm-none-eabi/9.3.1/thumb/v6-m/nofp/crti.o
                0x000000000800ece4                _fini
 .fini          0x000000000800ece8        0x8 /opt/st/stm32cubeide_1.8.0/plugins/com.st.stm32cube.ide.mcu.externaltools.gnu-tools-for-stm32.9-2020-q2-update.linux64_2.0.0.202105311346/tools/bin/../lib/gcc/arm-none-eabi/9.3.1/thumb/v6-m/nofp/crtn.o
 .fini.__stub   0x000000000800ecf0       0x10 linker stubs
                0x000000000800ed00                . = ALIGN (0x4)
                0x000000000800ed00                _etext = .

.vfp11_veneer   0x000000000800ed00        0x0
 .vfp11_veneer  0x000000000800ed00        0x0 linker stubs

.v4_bx          0x000000000800ed00        0x0
 .v4_bx         0x000000000800ed00        0x0 linker stubs

.iplt           0x000000000800ed00        0x0
 .iplt          0x000000000800ed00        0x0 /opt/st/stm32cubeide_1.8.0/plugins/com.st.stm32cube.ide.mcu.externaltools.gnu-tools-for-stm32.9-2020-q2-update.linux64_2.0.0.202105311346/tools/bin/../lib/gcc/arm-none-eabi/9.3.1/thumb/v6-m/nofp/crtbegin.o

.rodata         0x000000000800ed00     0x29a8
                0x000000000800ed00                . = ALIGN (0x4)
 *(.rodata)
 .rodata        0x000000000800ed00       0x80 /opt/st/stm32cubeide_1.8.0/plugins/com.st.stm32cube.ide.mcu.externaltools.gnu-tools-for-stm32.9-2020-q2-update.linux64_2.0.0.202105311346/tools/bin/../lib/gcc/arm-none-eabi/9.3.1/thumb/v6-m/nofp/libgcc.a(divsf3.o)
 .rodata        0x000000000800ed80       0x40 /opt/st/stm32cubeide_1.8.0/plugins/com.st.stm32cube.ide.mcu.externaltools.gnu-tools-for-stm32.9-2020-q2-update.linux64_2.0.0.202105311346/tools/bin/../lib/gcc/arm-none-eabi/9.3.1/thumb/v6-m/nofp/libgcc.a(mulsf3.o)
 .rodata        0x000000000800edc0       0x40 /opt/st/stm32cubeide_1.8.0/plugins/com.st.stm32cube.ide.mcu.externaltools.gnu-tools-for-stm32.9-2020-q2-update.linux64_2.0.0.202105311346/tools/bin/../lib/gcc/arm-none-eabi/9.3.1/thumb/v6-m/nofp/libgcc.a(divdf3.o)
 .rodata        0x000000000800ee00       0x40 /opt/st/stm32cubeide_1.8.0/plugins/com.st.stm32cube.ide.mcu.externaltools.gnu-tools-for-stm32.9-2020-q2-update.linux64_2.0.0.202105311346/tools/bin/../lib/gcc/arm-none-eabi/9.3.1/thumb/v6-m/nofp/libgcc.a(muldf3.o)
 *(.rodata*)
 .rodata.EPD_1IN54_V2_ReadBusy.str1.1
                0x000000000800ee40       0x32 ./Src/Display_EPD/EPD_1in54_V2.o
 .rodata.Paint_SetPixel.str1.1
                0x000000000800ee72       0x25 ./Src/Display_GUI/GUI_Paint.o
 .rodata.Paint_DrawPoint.str1.1
                0x000000000800ee97       0x88 ./Src/Display_GUI/GUI_Paint.o
 .rodata.Paint_DrawLine.str1.1
                0x000000000800ef1f       0x3e ./Src/Display_GUI/GUI_Paint.o
 .rodata.Paint_DrawRectangle.str1.1
                0x000000000800ef5d       0x2f ./Src/Display_GUI/GUI_Paint.o
 .rodata.Paint_DrawCircle.str1.1
                0x000000000800ef8c       0x40 ./Src/Display_GUI/GUI_Paint.o
 .rodata.Paint_DrawChar.str1.1
                0x000000000800efcc       0x3e ./Src/Display_GUI/GUI_Paint.o
 .rodata.Paint_DrawString_EN.str1.1
                0x000000000800f00a       0x43 ./Src/Display_GUI/GUI_Paint.o
 .rodata.Paint_DrawNum.str1.1
                0x000000000800f04d       0x3c ./Src/Display_GUI/GUI_Paint.o
 .rodata.Font12_Table
                0x000000000800f089      0x474 ./Src/Fonts/font12.o
                0x000000000800f089                Font12_Table
 .rodata.Font16_Table
                0x000000000800f4fd      0xbe0 ./Src/Fonts/font16.o
                0x000000000800f4fd                Font16_Table
 .rodata.Font20_Table
                0x00000000080100dd      0xed8 ./Src/Fonts/font20.o
                0x00000000080100dd                Font20_Table
 .rodata.Font8_Table
                0x0000000008010fb5      0x2f8 ./Src/Fonts/font8.o
                0x0000000008010fb5                Font8_Table
 .rodata.interfaceInit.str1.1
                0x00000000080112ad       0x68 ./Src/interface.o
 .rodata.interfaceDrawLayer.str1.1
                0x0000000008011315       0x38 ./Src/interface.o
                                         0x40 (size before relaxing)
 .rodata.interfaceDrawBatteryWarning.str1.1
                0x000000000801134d        0x7 ./Src/interface.o
 .rodata.float2Text.str1.1
                0x0000000008011354        0x6 ./Src/sensing.o
 .rodata.sensingRead.str1.1
                0x000000000801135a        0x3 ./Src/sensing.o
 .rodata.settingsDrawData.str1.1
                0x000000000801135d       0x28 ./Src/settings.o
                                         0x2e (size before relaxing)
 .rodata.settingsDrawSubs.str1.1
                0x0000000008011385        0x6 ./Src/settings.o
 *fill*         0x0000000008011385        0x3 
 .rodata.AHBPrescTable
                0x0000000008011388       0x40 ./Src/system_stm32g0xx.o
                0x0000000008011388                AHBPrescTable
 .rodata._global_impure_ptr
                0x00000000080113c8        0x4 /opt/st/stm32cubeide_1.8.0/plugins/com.st.stm32cube.ide.mcu.externaltools.gnu-tools-for-stm32.9-2020-q2-update.linux64_2.0.0.202105311346/tools/bin/../lib/gcc/arm-none-eabi/9.3.1/../../../../arm-none-eabi/lib/thumb/v6-m/nofp/libc_nano.a(lib_a-impure.o)
                0x00000000080113c8                _global_impure_ptr
 .rodata.__sf_fake_stderr
                0x00000000080113cc       0x20 /opt/st/stm32cubeide_1.8.0/plugins/com.st.stm32cube.ide.mcu.externaltools.gnu-tools-for-stm32.9-2020-q2-update.linux64_2.0.0.202105311346/tools/bin/../lib/gcc/arm-none-eabi/9.3.1/../../../../arm-none-eabi/lib/thumb/v6-m/nofp/libc_nano.a(lib_a-findfp.o)
                0x00000000080113cc                __sf_fake_stderr
 .rodata.__sf_fake_stdin
                0x00000000080113ec       0x20 /opt/st/stm32cubeide_1.8.0/plugins/com.st.stm32cube.ide.mcu.externaltools.gnu-tools-for-stm32.9-2020-q2-update.linux64_2.0.0.202105311346/tools/bin/../lib/gcc/arm-none-eabi/9.3.1/../../../../arm-none-eabi/lib/thumb/v6-m/nofp/libc_nano.a(lib_a-findfp.o)
                0x00000000080113ec                __sf_fake_stdin
 .rodata.__sf_fake_stdout
                0x000000000801140c       0x20 /opt/st/stm32cubeide_1.8.0/plugins/com.st.stm32cube.ide.mcu.externaltools.gnu-tools-for-stm32.9-2020-q2-update.linux64_2.0.0.202105311346/tools/bin/../lib/gcc/arm-none-eabi/9.3.1/../../../../arm-none-eabi/lib/thumb/v6-m/nofp/libc_nano.a(lib_a-findfp.o)
                0x000000000801140c                __sf_fake_stdout
 .rodata._svfprintf_r.str1.1
                0x000000000801142c       0x11 /opt/st/stm32cubeide_1.8.0/plugins/com.st.stm32cube.ide.mcu.externaltools.gnu-tools-for-stm32.9-2020-q2-update.linux64_2.0.0.202105311346/tools/bin/../lib/gcc/arm-none-eabi/9.3.1/../../../../arm-none-eabi/lib/thumb/v6-m/nofp/libc_nano.a(lib_a-nano-svfprintf.o)
 .rodata._vfprintf_r.str1.1
                0x000000000801143d       0x11 /opt/st/stm32cubeide_1.8.0/plugins/com.st.stm32cube.ide.mcu.externaltools.gnu-tools-for-stm32.9-2020-q2-update.linux64_2.0.0.202105311346/tools/bin/../lib/gcc/arm-none-eabi/9.3.1/../../../../arm-none-eabi/lib/thumb/v6-m/nofp/libc_nano.a(lib_a-nano-vfprintf.o)
 .rodata._printf_i.str1.1
                0x000000000801143d       0x22 /opt/st/stm32cubeide_1.8.0/plugins/com.st.stm32cube.ide.mcu.externaltools.gnu-tools-for-stm32.9-2020-q2-update.linux64_2.0.0.202105311346/tools/bin/../lib/gcc/arm-none-eabi/9.3.1/../../../../arm-none-eabi/lib/thumb/v6-m/nofp/libc_nano.a(lib_a-nano-vfprintf_i.o)
 .rodata.log.str1.1
                0x000000000801145f       0x22 /opt/st/stm32cubeide_1.8.0/plugins/com.st.stm32cube.ide.mcu.externaltools.gnu-tools-for-stm32.9-2020-q2-update.linux64_2.0.0.202105311346/tools/bin/../lib/gcc/arm-none-eabi/9.3.1/../../../../arm-none-eabi/lib/thumb/v6-m/nofp/libm.a(lib_a-w_log.o)
                                          0x1 (size before relaxing)
 *fill*         0x000000000801145f        0x1 
 .rodata.CSWTCH.8
                0x0000000008011460       0x18 /opt/st/stm32cubeide_1.8.0/plugins/com.st.stm32cube.ide.mcu.externaltools.gnu-tools-for-stm32.9-2020-q2-update.linux64_2.0.0.202105311346/tools/bin/../lib/gcc/arm-none-eabi/9.3.1/../../../../arm-none-eabi/lib/thumb/v6-m/nofp/libm.a(lib_a-e_atan2.o)
 .rodata.CSWTCH.9
                0x0000000008011478       0x18 /opt/st/stm32cubeide_1.8.0/plugins/com.st.stm32cube.ide.mcu.externaltools.gnu-tools-for-stm32.9-2020-q2-update.linux64_2.0.0.202105311346/tools/bin/../lib/gcc/arm-none-eabi/9.3.1/../../../../arm-none-eabi/lib/thumb/v6-m/nofp/libm.a(lib_a-e_atan2.o)
 .rodata.npio2_hw
                0x0000000008011490       0x80 /opt/st/stm32cubeide_1.8.0/plugins/com.st.stm32cube.ide.mcu.externaltools.gnu-tools-for-stm32.9-2020-q2-update.linux64_2.0.0.202105311346/tools/bin/../lib/gcc/arm-none-eabi/9.3.1/../../../../arm-none-eabi/lib/thumb/v6-m/nofp/libm.a(lib_a-e_rem_pio2.o)
 .rodata.two_over_pi
                0x0000000008011510      0x108 /opt/st/stm32cubeide_1.8.0/plugins/com.st.stm32cube.ide.mcu.externaltools.gnu-tools-for-stm32.9-2020-q2-update.linux64_2.0.0.202105311346/tools/bin/../lib/gcc/arm-none-eabi/9.3.1/../../../../arm-none-eabi/lib/thumb/v6-m/nofp/libm.a(lib_a-e_rem_pio2.o)
 .rodata.PIo2   0x0000000008011618       0x40 /opt/st/stm32cubeide_1.8.0/plugins/com.st.stm32cube.ide.mcu.externaltools.gnu-tools-for-stm32.9-2020-q2-update.linux64_2.0.0.202105311346/tools/bin/../lib/gcc/arm-none-eabi/9.3.1/../../../../arm-none-eabi/lib/thumb/v6-m/nofp/libm.a(lib_a-k_rem_pio2.o)
 .rodata.init_jk
                0x0000000008011658       0x10 /opt/st/stm32cubeide_1.8.0/plugins/com.st.stm32cube.ide.mcu.externaltools.gnu-tools-for-stm32.9-2020-q2-update.linux64_2.0.0.202105311346/tools/bin/../lib/gcc/arm-none-eabi/9.3.1/../../../../arm-none-eabi/lib/thumb/v6-m/nofp/libm.a(lib_a-k_rem_pio2.o)
 .rodata.atanhi
                0x0000000008011668       0x20 /opt/st/stm32cubeide_1.8.0/plugins/com.st.stm32cube.ide.mcu.externaltools.gnu-tools-for-stm32.9-2020-q2-update.linux64_2.0.0.202105311346/tools/bin/../lib/gcc/arm-none-eabi/9.3.1/../../../../arm-none-eabi/lib/thumb/v6-m/nofp/libm.a(lib_a-s_atan.o)
 .rodata.atanlo
                0x0000000008011688       0x20 /opt/st/stm32cubeide_1.8.0/plugins/com.st.stm32cube.ide.mcu.externaltools.gnu-tools-for-stm32.9-2020-q2-update.linux64_2.0.0.202105311346/tools/bin/../lib/gcc/arm-none-eabi/9.3.1/../../../../arm-none-eabi/lib/thumb/v6-m/nofp/libm.a(lib_a-s_atan.o)
                0x00000000080116a8                . = ALIGN (0x4)

.ARM.extab      0x00000000080116a8        0x0
                0x00000000080116a8                . = ALIGN (0x4)
 *(.ARM.extab* .gnu.linkonce.armextab.*)
                0x00000000080116a8                . = ALIGN (0x4)

.ARM            0x00000000080116a8        0x8
                0x00000000080116a8                . = ALIGN (0x4)
                0x00000000080116a8                __exidx_start = .
 *(.ARM.exidx*)
 .ARM.exidx     0x00000000080116a8        0x8 /opt/st/stm32cubeide_1.8.0/plugins/com.st.stm32cube.ide.mcu.externaltools.gnu-tools-for-stm32.9-2020-q2-update.linux64_2.0.0.202105311346/tools/bin/../lib/gcc/arm-none-eabi/9.3.1/thumb/v6-m/nofp/libgcc.a(_divdi3.o)
                0x00000000080116b0                __exidx_end = .
                0x00000000080116b0                . = ALIGN (0x4)

.rel.dyn        0x00000000080116b0        0x0
 .rel.iplt      0x00000000080116b0        0x0 /opt/st/stm32cubeide_1.8.0/plugins/com.st.stm32cube.ide.mcu.externaltools.gnu-tools-for-stm32.9-2020-q2-update.linux64_2.0.0.202105311346/tools/bin/../lib/gcc/arm-none-eabi/9.3.1/thumb/v6-m/nofp/crtbegin.o

.preinit_array  0x00000000080116b0        0x0
                0x00000000080116b0                . = ALIGN (0x4)
                0x00000000080116b0                PROVIDE (__preinit_array_start = .)
 *(.preinit_array*)