stm32g0xx_ll_crc.h:173:22:LL_CRC_SetPolynomialSize	16	static
stm32g0xx_ll_crc.h:204:22:LL_CRC_SetInputDataReverseMode	16	static
stm32g0xx_ll_crc.h:233:22:LL_CRC_SetOutputDataReverseMode	16	static
stm32g0xx_ll_crc.h:261:22:LL_CRC_SetInitialData	16	static
stm32g0xx_ll_crc.h:291:22:LL_CRC_SetPolynomialCoef	16	static
stm32g0xx_ll_bus.h:252:22:LL_AHB1_GRP1_EnableClock	24	static
main.c:220:5:main	40	static
main.c:470:6:SystemClock_Config	88	static
main.c:517:13:MX_ADC1_Init	24	static
main.c:585:13:MX_CRC_Init	8	static
main.c:613:13:MX_I2C1_Init	8	static
main.c:656:13:MX_RTC_Init	32	static
main.c:723:13:MX_SPI1_Init	8	static
main.c:761:13:MX_TIM3_Init	40	static
main.c:801:13:MX_DMA_Init	16	static
main.c:818:13:MX_GPIO_Init	48	static
main.c:868:6:onSleep	8	static
main.c:876:6:onWakeUp	8	static
main.c:890:6:Error_Handler	8	static
