stm32g0xx_hal_msp.c:65:6:HAL_MspInit	16	static
stm32g0xx_hal_msp.c:91:6:HAL_ADC_MspInit	72	static
stm32g0xx_hal_msp.c:154:6:HAL_ADC_MspDeInit	8	static
stm32g0xx_hal_msp.c:186:6:HAL_I2C_MspInit	64	static
stm32g0xx_hal_msp.c:231:6:HAL_I2C_MspDeInit	8	static
stm32g0xx_hal_msp.c:262:6:HAL_RTC_MspInit	40	static
stm32g0xx_hal_msp.c:299:6:HAL_RTC_MspDeInit	8	static
stm32g0xx_hal_msp.c:325:6:HAL_SPI_MspInit	48	static
stm32g0xx_hal_msp.c:369:6:HAL_SPI_MspDeInit	8	static
stm32g0xx_hal_msp.c:400:6:HAL_TIM_Base_MspInit	16	static
stm32g0xx_hal_msp.c:425:6:HAL_TIM_Base_MspDeInit	8	static
